

================================================================
== Vitis HLS Report for 'BFS_PE'
================================================================
* Date:           Wed Dec 20 18:41:55 2023

* Version:        2020.2 (Build 3064766 on Wed Nov 18 09:12:47 MST 2020)
* Project:        bfs_ctrl_v1
* Solution:       solution1 (Vivado IP Flow Target)
* Product family: virtexuplus
* Target device:  xcu280-fsvh2892-2L-e


================================================================
== Performance Estimates
================================================================
+ Timing: 
    * Summary: 
    +--------+---------+----------+------------+
    |  Clock |  Target | Estimated| Uncertainty|
    +--------+---------+----------+------------+
    |ap_clk  |  5.00 ns|      0 ns|     1.35 ns|
    +--------+---------+----------+------------+

+ Latency: 
    * Summary: 
    +---------+---------+----------+----------+-----+-----+---------+
    |  Latency (cycles) |  Latency (absolute) |  Interval | Pipeline|
    |   min   |   max   |    min   |    max   | min | max |   Type  |
    +---------+---------+----------+----------+-----+-----+---------+
    |        1|        1|  5.000 ns|  5.000 ns|    1|    1|     none|
    +---------+---------+----------+----------+-----+-----+---------+

    + Detail: 
        * Instance: 
        N/A

        * Loop: 
        N/A

============================================================
+ Verbose Summary: Synthesis Manager
============================================================
InlineROM: 1
ExposeGlobal: 0
============================================================
+ Verbose Summary: CDFG Model
============================================================
IsTopModel: 0
ResetActiveHigh: 1
IsCombinational: 0
IsDatapathOnly: 0
HasWiredReturn: 1
HasMFsm: 0
HasVarLatency: 1
IsPipeline: 0
IsRtlPipelined: 0
IsInstanceOverlapped: 0
IsDontTouch: 0
HasImplIP: 0
IsGatedGlobalClock: 0


============================================================
+ Verbose Summary: Schedule
============================================================
* Number of FSM states : 2
* Pipeline : 0
* Dataflow Pipeline: 0

* FSM state transitions: 
1 --> 2 
2 --> 

* FSM state operations: 

State 1 <SV = 0> <Delay = 0.00>
ST_1 : Operation 3 [1/1] (0.00ns)   --->   "%dummyParam_read = read i1 @_ssdm_op_Read.ap_auto.volatile.i1P0A, i1 %dummyParam" [/Zodiac/GraFlex/ArtifactEvaluation/figure8/BFS_Scalability/PE_2/src/hw/ctrl/tmp/bfs_ctrl.cpp:8]   --->   Operation 3 'read' 'dummyParam_read' <Predicate = true> <Delay = 0.00>
ST_1 : Operation 4 [1/1] (0.00ns)   --->   "%br_ln8 = br i1 %dummyParam_read, void, void" [/Zodiac/GraFlex/ArtifactEvaluation/figure8/BFS_Scalability/PE_2/src/hw/ctrl/tmp/bfs_ctrl.cpp:8]   --->   Operation 4 'br' 'br_ln8' <Predicate = true> <Delay = 0.00>

State 2 <SV = 1> <Delay = 0.00>
ST_2 : Operation 5 [1/1] (0.00ns)   --->   "%empty = read i1 @_ssdm_op_Read.ap_auto.volatile.i1P0A, i1 %dummyParam" [/Zodiac/GraFlex/ArtifactEvaluation/figure8/BFS_Scalability/PE_2/src/hw/ctrl/tmp/bfs_ctrl.cpp:11]   --->   Operation 5 'read' 'empty' <Predicate = (dummyParam_read)> <Delay = 0.00>
ST_2 : Operation 6 [1/1] (0.00ns)   --->   "%br_ln0 = br void"   --->   Operation 6 'br' 'br_ln0' <Predicate = (dummyParam_read)> <Delay = 0.00>
ST_2 : Operation 7 [1/1] (0.00ns)   --->   "%ret_ln13 = ret" [/Zodiac/GraFlex/ArtifactEvaluation/figure8/BFS_Scalability/PE_2/src/hw/ctrl/tmp/bfs_ctrl.cpp:13]   --->   Operation 7 'ret' 'ret_ln13' <Predicate = true> <Delay = 0.00>


============================================================
+ Verbose Summary: Timing violations
============================================================
Target clock period: 5ns, clock uncertainty: 1.35ns.

 <State 1>: 0ns
The critical path consists of the following:

 <State 2>: 0ns
The critical path consists of the following:


============================================================
+ Verbose Summary: Binding
============================================================
N/A
* FSMD analyzer results:
  - Output states:
 - Input state : 
  - Chain level:
	State 1
	State 2


============================================================
+ Verbose Summary: Datapath Resource usage 
============================================================
N/A
