#-----------------------------------------------------------
# Vivado v2020.2 (64-bit)
# SW Build 3064766 on Wed Nov 18 09:12:47 MST 2020
# IP Build 3064653 on Wed Nov 18 14:17:31 MST 2020
# Start of session at: Thu Jun 16 20:02:56 2022
# Process ID: 26455
# Current directory: /home/chunyou/Xilinx/GraphHBM/UTIL_IP/IP_AXI_ENGINE_S/m_axi_128/cus_m_axi_128.runs/custom_m_axi_128_step_to_pulse_0_1_synth_1
# Command line: vivado -log custom_m_axi_128_step_to_pulse_0_1.vds -product Vivado -mode batch -messageDb vivado.pb -notrace -source custom_m_axi_128_step_to_pulse_0_1.tcl
# Log file: /home/chunyou/Xilinx/GraphHBM/UTIL_IP/IP_AXI_ENGINE_S/m_axi_128/cus_m_axi_128.runs/custom_m_axi_128_step_to_pulse_0_1_synth_1/custom_m_axi_128_step_to_pulse_0_1.vds
# Journal file: /home/chunyou/Xilinx/GraphHBM/UTIL_IP/IP_AXI_ENGINE_S/m_axi_128/cus_m_axi_128.runs/custom_m_axi_128_step_to_pulse_0_1_synth_1/vivado.jou
#-----------------------------------------------------------
source custom_m_axi_128_step_to_pulse_0_1.tcl -notrace
