

================================================================
== Synthesis Summary Report of 'BFS_Scatter'
================================================================
+ General Information: 
    * Date:           Fri Mar 22 20:13:59 2024
    * Version:        2020.2 (Build 3064766 on Wed Nov 18 09:12:47 MST 2020)
    * Project:        bfs_scatter_v1
    * Solution:       solution1 (Vivado IP Flow Target)
    * Product family: virtexuplus
    * Target device:  xcu280-fsvh2892-2L-e
    

+ Performance & Resource Estimates: 
    
    PS: '+' for module; 'o' for loop; '*' for dataflow
    +--------------------------------+------+-------+---------+-----------+----------+---------+------+----------+---------+----+------------+------------+---------+
    |             Modules            | Issue|       | Latency |  Latency  | Iteration|         | Trip |          |         |    |            |            |         |
    |             & Loops            | Type | Slack | (cycles)|    (ns)   |  Latency | Interval| Count| Pipelined|  BRAM   | DSP|     FF     |     LUT    |   URAM  |
    +--------------------------------+------+-------+---------+-----------+----------+---------+------+----------+---------+----+------------+------------+---------+
    |+ BFS_Scatter                   |     -|  -0.02|        -|          -|         -|        -|     -|        no|  8 (~0%)|   -|  2441 (~0%)|  9189 (~0%)|  12 (1%)|
    | + grp_gen_access_tuple_fu_686  |     -|  -0.34|   131585|  6.579e+05|         -|   131585|     -|        no|        -|   -|   490 (~0%)|  1229 (~0%)|        -|
    |  o L3                          |     -|  -3.65|   131584|  6.579e+05|      2056|        -|    64|        no|        -|   -|           -|           -|        -|
    |   o L3_1                       |    II|  -3.65|     2048|  1.024e+04|         3|        2|  1024|       yes|        -|   -|           -|           -|        -|
    | + grp_feed_network_fu_696      |     -|  -0.02|        -|          -|         -|        -|     -|        no|        -|   -|   738 (~0%)|  1064 (~0%)|        -|
    |  o L2                          |     -|  -3.65|        -|          -|         -|        -|     -|        no|        -|   -|           -|           -|        -|
    |   o L2_SEND_REQ_TPL            |     -|  -3.65|       32|    160.000|         2|        -|    16|        no|        -|   -|           -|           -|        -|
    |   o L2_FEED_NET                |     -|  -3.65|        -|          -|         4|        1|     -|       yes|        -|   -|           -|           -|        -|
    | + grp_WrDist_fu_738            |     -|  -2.00|       66|    330.000|         -|       66|     -|        no|        -|   -|   403 (~0%)|   145 (~0%)|        -|
    |  o L5                          |     -|  -3.65|       64|    320.000|         5|        4|    16|       yes|        -|   -|           -|           -|        -|
    | + grp_BuffOfst_fu_767          |     -|  -0.80|        -|          -|         -|        -|     -|        no|        -|   -|   234 (~0%)|   459 (~0%)|        -|
    |  o L4                          |     -|  -3.65|        -|          -|         -|        -|     -|        no|        -|   -|           -|           -|        -|
    |   o SEND_REQ_TUPLE_L4          |     -|  -3.65|       16|     80.000|         2|        1|    16|       yes|        -|   -|           -|           -|        -|
    |   o VITIS_LOOP_63_1            |    II|  -3.65|        -|          -|         2|        2|     -|       yes|        -|   -|           -|           -|        -|
    | o L6                           |     -|  -3.65|        -|          -|        68|        -|     -|        no|        -|   -|           -|           -|        -|
    | o L_WAIT                       |     -|  -3.65|       64|    320.000|         2|        -|    32|        no|        -|   -|           -|           -|        -|
    | o INIT_L0                      |     -|  -3.65|     4096|  2.048e+04|         2|        1|  4096|       yes|        -|   -|           -|           -|        -|
    | o L1                           |     -|  -3.65|        -|          -|    131587|        -|     -|        no|        -|   -|           -|           -|        -|
    +--------------------------------+------+-------+---------+-----------+----------+---------+------+----------+---------+----+------------+------------+---------+

