

================================================================
== Synthesis Summary Report of 'BFS_Scatter'
================================================================
+ General Information: 
    * Date:           Wed Dec 20 18:42:16 2023
    * Version:        2020.2 (Build 3064766 on Wed Nov 18 09:12:47 MST 2020)
    * Project:        bfs_scatter_v1
    * Solution:       solution1 (Vivado IP Flow Target)
    * Product family: virtexuplus
    * Target device:  xcu280-fsvh2892-2L-e
    

+ Performance & Resource Estimates: 
    
    PS: '+' for module; 'o' for loop; '*' for dataflow
    +---------------------------------+------+-------+---------+-----------+----------+---------+------+----------+----------+----+------------+-------------+---------+
    |             Modules             | Issue|       | Latency |  Latency  | Iteration|         | Trip |          |          |    |            |             |         |
    |             & Loops             | Type | Slack | (cycles)|    (ns)   |  Latency | Interval| Count| Pipelined|   BRAM   | DSP|     FF     |     LUT     |   URAM  |
    +---------------------------------+------+-------+---------+-----------+----------+---------+------+----------+----------+----+------------+-------------+---------+
    |+ BFS_Scatter                    |     -|  -0.02|        -|          -|         -|        -|     -|        no|  16 (~0%)|   -|  6126 (~0%)|  12710 (~0%)|  12 (1%)|
    | + grp_feed_network_fu_2136      |     -|  -1.10|        -|          -|         -|        -|     -|        no|         -|   -|   734 (~0%)|    817 (~0%)|        -|
    |  o L2                           |     -|  -3.65|        -|          -|         -|        -|     -|        no|         -|   -|           -|            -|        -|
    |   o L2_SEND_REQ_TPL             |     -|  -3.65|       32|    160.000|         2|        -|    16|        no|         -|   -|           -|            -|        -|
    |   o L2_FEED_NET                 |     -|  -3.65|        -|          -|         4|        1|     -|       yes|         -|   -|           -|            -|        -|
    | + grp_WrDist_fu_2290            |     -|  -2.00|      130|    650.000|         -|      130|     -|        no|         -|   -|  4011 (~0%)|    502 (~0%)|        -|
    |  o L5                           |     -|  -3.65|      128|    640.000|        33|       32|     4|       yes|         -|   -|           -|            -|        -|
    | + grp_gen_access_tuple_fu_2431  |     -|  -0.34|   131585|  6.579e+05|         -|   131585|     -|        no|         -|   -|   502 (~0%)|   1247 (~0%)|        -|
    |  o L3                           |     -|  -3.65|   131584|  6.579e+05|      2056|        -|    64|        no|         -|   -|           -|            -|        -|
    |   o L3_1                        |    II|  -3.65|     2048|  1.024e+04|         3|        2|  1024|       yes|         -|   -|           -|            -|        -|
    | + grp_BuffOfst_fu_2441          |     -|  -0.80|        -|          -|         -|        -|     -|        no|         -|   -|   286 (~0%)|    479 (~0%)|        -|
    |  o L4                           |     -|  -3.65|        -|          -|         -|        -|     -|        no|         -|   -|           -|            -|        -|
    |   o SEND_REQ_TUPLE_L4           |     -|  -3.65|       16|     80.000|         2|        1|    16|       yes|         -|   -|           -|            -|        -|
    |   o VITIS_LOOP_57_1             |    II|  -3.65|        -|          -|         2|        2|     -|       yes|         -|   -|           -|            -|        -|
    | o L6                            |     -|  -3.65|        -|          -|       132|        -|     -|        no|         -|   -|           -|            -|        -|
    | o L_WAIT                        |     -|  -3.65|       64|    320.000|         2|        -|    32|        no|         -|   -|           -|            -|        -|
    | o INIT_L0                       |     -|  -3.65|     4096|  2.048e+04|         2|        1|  4096|       yes|         -|   -|           -|            -|        -|
    | o L1                            |     -|  -3.65|        -|          -|    131587|        -|     -|        no|         -|   -|           -|            -|        -|
    +---------------------------------+------+-------+---------+-----------+----------+---------+------+----------+----------+----+------------+-------------+---------+

