

================================================================
== Vitis HLS Report for 'BFS_Ctrl_4X1_VER1'
================================================================
* Date:           Wed Dec 20 22:12:08 2023

* Version:        2020.2 (Build 3064766 on Wed Nov 18 09:12:47 MST 2020)
* Project:        bfs_ctrl_v1
* Solution:       solution1 (Vivado IP Flow Target)
* Product family: virtexuplus
* Target device:  xcu280-fsvh2892-2L-e


================================================================
== Performance Estimates
================================================================
+ Timing: 
    * Summary: 
    +--------+---------+----------+------------+
    |  Clock |  Target | Estimated| Uncertainty|
    +--------+---------+----------+------------+
    |ap_clk  |  5.00 ns|  2.470 ns|     1.35 ns|
    +--------+---------+----------+------------+

+ Latency: 
    * Summary: 
    +---------+---------+----------+----------+-----+-----+---------+
    |  Latency (cycles) |  Latency (absolute) |  Interval | Pipeline|
    |   min   |   max   |    min   |    max   | min | max |   Type  |
    +---------+---------+----------+----------+-----+-----+---------+
    |        ?|        ?|         ?|         ?|    ?|    ?|     none|
    +---------+---------+----------+----------+-----+-----+---------+

    + Detail: 
        * Instance: 
        N/A

        * Loop: 
        +------------+---------+---------+----------+-----------+-----------+------+----------+
        |            |  Latency (cycles) | Iteration|  Initiation Interval  | Trip |          |
        |  Loop Name |   min   |   max   |  Latency |  achieved |   target  | Count| Pipelined|
        +------------+---------+---------+----------+-----------+-----------+------+----------+
        |- MainLoop  |        ?|        ?|         ?|          -|          -|     ?|        no|
        | + waitId0  |        ?|        ?|         4|          4|          1|     ?|       yes|
        +------------+---------+---------+----------+-----------+-----------+------+----------+

============================================================
+ Verbose Summary: Synthesis Manager
============================================================
InlineROM: 1
ExposeGlobal: 0
============================================================
+ Verbose Summary: CDFG Model
============================================================
IsTopModel: 1
ResetActiveHigh: 1
IsCombinational: 0
IsDatapathOnly: 0
HasWiredReturn: 1
HasMFsm: 0
HasVarLatency: 1
IsPipeline: 0
IsRtlPipelined: 0
IsInstanceOverlapped: 0
IsDontTouch: 0
HasImplIP: 0
IsGatedGlobalClock: 0

+ Individual pipeline summary: 
  * Pipeline-0: initiation interval (II) = 4, depth = 4


============================================================
+ Verbose Summary: Schedule
============================================================
* Number of FSM states : 10
* Pipeline : 1
  Pipeline-0 : II = 4, D = 4, States = { 5 6 7 8 }
* Dataflow Pipeline: 0

* FSM state transitions: 
1 --> 2 
2 --> 3 
3 --> 4 9 
4 --> 5 
5 --> 6 
6 --> 7 
7 --> 8 
8 --> 9 5 
9 --> 10 3 
10 --> 

* FSM state operations: 

State 1 <SV = 0> <Delay = 0.00>
ST_1 : Operation 11 [2/2] (0.00ns)   --->   "%write_ln40 = write void @_ssdm_op_Write.ap_none.volatile.i1P0A, i1 %resWrite, i1 0" [/Zodiac/GraFlex/ArtifactEvaluation/figure8/BFS_Scalability/PE_4/src/hw/ctrl/tmp/bfs_ctrl.cpp:40]   --->   Operation 11 'write' 'write_ln40' <Predicate = true> <Delay = 0.00>

State 2 <SV = 1> <Delay = 0.00>
ST_2 : Operation 12 [1/1] (0.00ns)   --->   "%spectopmodule_ln0 = spectopmodule void @_ssdm_op_SpecTopModule, void @empty_4"   --->   Operation 12 'spectopmodule' 'spectopmodule_ln0' <Predicate = true> <Delay = 0.00>
ST_2 : Operation 13 [1/1] (0.00ns)   --->   "%specbitsmap_ln0 = specbitsmap void @_ssdm_op_SpecBitsMap, i1 %dummyParam"   --->   Operation 13 'specbitsmap' 'specbitsmap_ln0' <Predicate = true> <Delay = 0.00>
ST_2 : Operation 14 [1/1] (0.00ns)   --->   "%specinterface_ln0 = specinterface void @_ssdm_op_SpecInterface, i1 %dummyParam, void @empty_1, i32 0, i32 0, void @empty_0, i32 0, i32 0, void @empty_0, void @empty_0, void @empty_0, i32 0, i32 0, i32 0, i32 0, void @empty_0, void @empty_0"   --->   Operation 14 'specinterface' 'specinterface_ln0' <Predicate = true> <Delay = 0.00>
ST_2 : Operation 15 [1/1] (0.00ns)   --->   "%specbitsmap_ln0 = specbitsmap void @_ssdm_op_SpecBitsMap, i32 %N_Vertex"   --->   Operation 15 'specbitsmap' 'specbitsmap_ln0' <Predicate = true> <Delay = 0.00>
ST_2 : Operation 16 [1/1] (0.00ns)   --->   "%specinterface_ln0 = specinterface void @_ssdm_op_SpecInterface, i32 %N_Vertex, void @empty_2, i32 0, i32 0, void @empty_0, i32 0, i32 0, void @empty_0, void @empty_0, void @empty_0, i32 0, i32 0, i32 0, i32 0, void @empty_0, void @empty_0"   --->   Operation 16 'specinterface' 'specinterface_ln0' <Predicate = true> <Delay = 0.00>
ST_2 : Operation 17 [1/1] (0.00ns)   --->   "%specbitsmap_ln0 = specbitsmap void @_ssdm_op_SpecBitsMap, i1 %resWrite"   --->   Operation 17 'specbitsmap' 'specbitsmap_ln0' <Predicate = true> <Delay = 0.00>
ST_2 : Operation 18 [1/1] (0.00ns)   --->   "%specinterface_ln0 = specinterface void @_ssdm_op_SpecInterface, i1 %resWrite, void @empty_2, i32 1, i32 1, void @empty_3, i32 0, i32 0, void @empty_0, void @empty_0, void @empty_0, i32 0, i32 0, i32 0, i32 0, void @empty_0, void @empty_0"   --->   Operation 18 'specinterface' 'specinterface_ln0' <Predicate = true> <Delay = 0.00>
ST_2 : Operation 19 [1/1] (0.00ns)   --->   "%specbitsmap_ln0 = specbitsmap void @_ssdm_op_SpecBitsMap, i16 %glblIterIdx"   --->   Operation 19 'specbitsmap' 'specbitsmap_ln0' <Predicate = true> <Delay = 0.00>
ST_2 : Operation 20 [1/1] (0.00ns)   --->   "%specinterface_ln0 = specinterface void @_ssdm_op_SpecInterface, i16 %glblIterIdx, void @empty_2, i32 1, i32 1, void @empty_3, i32 0, i32 0, void @empty_0, void @empty_0, void @empty_0, i32 0, i32 0, i32 0, i32 0, void @empty_0, void @empty_0"   --->   Operation 20 'specinterface' 'specinterface_ln0' <Predicate = true> <Delay = 0.00>
ST_2 : Operation 21 [1/1] (0.00ns)   --->   "%specbitsmap_ln0 = specbitsmap void @_ssdm_op_SpecBitsMap, i32 %cnt_scatter_0"   --->   Operation 21 'specbitsmap' 'specbitsmap_ln0' <Predicate = true> <Delay = 0.00>
ST_2 : Operation 22 [1/1] (0.00ns)   --->   "%specinterface_ln0 = specinterface void @_ssdm_op_SpecInterface, i32 %cnt_scatter_0, void @empty_2, i32 0, i32 0, void @empty_0, i32 0, i32 0, void @empty_0, void @empty_0, void @empty_0, i32 0, i32 0, i32 0, i32 0, void @empty_0, void @empty_0"   --->   Operation 22 'specinterface' 'specinterface_ln0' <Predicate = true> <Delay = 0.00>
ST_2 : Operation 23 [1/1] (0.00ns)   --->   "%specbitsmap_ln0 = specbitsmap void @_ssdm_op_SpecBitsMap, i32 %cnt_scatter_1"   --->   Operation 23 'specbitsmap' 'specbitsmap_ln0' <Predicate = true> <Delay = 0.00>
ST_2 : Operation 24 [1/1] (0.00ns)   --->   "%specinterface_ln0 = specinterface void @_ssdm_op_SpecInterface, i32 %cnt_scatter_1, void @empty_2, i32 0, i32 0, void @empty_0, i32 0, i32 0, void @empty_0, void @empty_0, void @empty_0, i32 0, i32 0, i32 0, i32 0, void @empty_0, void @empty_0"   --->   Operation 24 'specinterface' 'specinterface_ln0' <Predicate = true> <Delay = 0.00>
ST_2 : Operation 25 [1/1] (0.00ns)   --->   "%specbitsmap_ln0 = specbitsmap void @_ssdm_op_SpecBitsMap, i32 %cnt_scatter_2"   --->   Operation 25 'specbitsmap' 'specbitsmap_ln0' <Predicate = true> <Delay = 0.00>
ST_2 : Operation 26 [1/1] (0.00ns)   --->   "%specinterface_ln0 = specinterface void @_ssdm_op_SpecInterface, i32 %cnt_scatter_2, void @empty_2, i32 0, i32 0, void @empty_0, i32 0, i32 0, void @empty_0, void @empty_0, void @empty_0, i32 0, i32 0, i32 0, i32 0, void @empty_0, void @empty_0"   --->   Operation 26 'specinterface' 'specinterface_ln0' <Predicate = true> <Delay = 0.00>
ST_2 : Operation 27 [1/1] (0.00ns)   --->   "%specbitsmap_ln0 = specbitsmap void @_ssdm_op_SpecBitsMap, i32 %cnt_scatter_3"   --->   Operation 27 'specbitsmap' 'specbitsmap_ln0' <Predicate = true> <Delay = 0.00>
ST_2 : Operation 28 [1/1] (0.00ns)   --->   "%specinterface_ln0 = specinterface void @_ssdm_op_SpecInterface, i32 %cnt_scatter_3, void @empty_2, i32 0, i32 0, void @empty_0, i32 0, i32 0, void @empty_0, void @empty_0, void @empty_0, i32 0, i32 0, i32 0, i32 0, void @empty_0, void @empty_0"   --->   Operation 28 'specinterface' 'specinterface_ln0' <Predicate = true> <Delay = 0.00>
ST_2 : Operation 29 [1/1] (0.00ns)   --->   "%specbitsmap_ln0 = specbitsmap void @_ssdm_op_SpecBitsMap, i32 %cnt_gather_0"   --->   Operation 29 'specbitsmap' 'specbitsmap_ln0' <Predicate = true> <Delay = 0.00>
ST_2 : Operation 30 [1/1] (0.00ns)   --->   "%specinterface_ln0 = specinterface void @_ssdm_op_SpecInterface, i32 %cnt_gather_0, void @empty_2, i32 0, i32 0, void @empty_0, i32 0, i32 0, void @empty_0, void @empty_0, void @empty_0, i32 0, i32 0, i32 0, i32 0, void @empty_0, void @empty_0"   --->   Operation 30 'specinterface' 'specinterface_ln0' <Predicate = true> <Delay = 0.00>
ST_2 : Operation 31 [1/1] (0.00ns)   --->   "%specbitsmap_ln0 = specbitsmap void @_ssdm_op_SpecBitsMap, i32 %cnt_gather_1"   --->   Operation 31 'specbitsmap' 'specbitsmap_ln0' <Predicate = true> <Delay = 0.00>
ST_2 : Operation 32 [1/1] (0.00ns)   --->   "%specinterface_ln0 = specinterface void @_ssdm_op_SpecInterface, i32 %cnt_gather_1, void @empty_2, i32 0, i32 0, void @empty_0, i32 0, i32 0, void @empty_0, void @empty_0, void @empty_0, i32 0, i32 0, i32 0, i32 0, void @empty_0, void @empty_0"   --->   Operation 32 'specinterface' 'specinterface_ln0' <Predicate = true> <Delay = 0.00>
ST_2 : Operation 33 [1/1] (0.00ns)   --->   "%specbitsmap_ln0 = specbitsmap void @_ssdm_op_SpecBitsMap, i32 %cnt_gather_2"   --->   Operation 33 'specbitsmap' 'specbitsmap_ln0' <Predicate = true> <Delay = 0.00>
ST_2 : Operation 34 [1/1] (0.00ns)   --->   "%specinterface_ln0 = specinterface void @_ssdm_op_SpecInterface, i32 %cnt_gather_2, void @empty_2, i32 0, i32 0, void @empty_0, i32 0, i32 0, void @empty_0, void @empty_0, void @empty_0, i32 0, i32 0, i32 0, i32 0, void @empty_0, void @empty_0"   --->   Operation 34 'specinterface' 'specinterface_ln0' <Predicate = true> <Delay = 0.00>
ST_2 : Operation 35 [1/1] (0.00ns)   --->   "%specbitsmap_ln0 = specbitsmap void @_ssdm_op_SpecBitsMap, i32 %cnt_gather_3"   --->   Operation 35 'specbitsmap' 'specbitsmap_ln0' <Predicate = true> <Delay = 0.00>
ST_2 : Operation 36 [1/1] (0.00ns)   --->   "%specinterface_ln0 = specinterface void @_ssdm_op_SpecInterface, i32 %cnt_gather_3, void @empty_2, i32 0, i32 0, void @empty_0, i32 0, i32 0, void @empty_0, void @empty_0, void @empty_0, i32 0, i32 0, i32 0, i32 0, void @empty_0, void @empty_0"   --->   Operation 36 'specinterface' 'specinterface_ln0' <Predicate = true> <Delay = 0.00>
ST_2 : Operation 37 [1/1] (0.00ns)   --->   "%specbitsmap_ln0 = specbitsmap void @_ssdm_op_SpecBitsMap, i1 %exist_0"   --->   Operation 37 'specbitsmap' 'specbitsmap_ln0' <Predicate = true> <Delay = 0.00>
ST_2 : Operation 38 [1/1] (0.00ns)   --->   "%specinterface_ln0 = specinterface void @_ssdm_op_SpecInterface, i1 %exist_0, void @empty_2, i32 0, i32 0, void @empty_0, i32 0, i32 0, void @empty_0, void @empty_0, void @empty_0, i32 0, i32 0, i32 0, i32 0, void @empty_0, void @empty_0"   --->   Operation 38 'specinterface' 'specinterface_ln0' <Predicate = true> <Delay = 0.00>
ST_2 : Operation 39 [1/1] (0.00ns)   --->   "%specbitsmap_ln0 = specbitsmap void @_ssdm_op_SpecBitsMap, i1 %exist_1"   --->   Operation 39 'specbitsmap' 'specbitsmap_ln0' <Predicate = true> <Delay = 0.00>
ST_2 : Operation 40 [1/1] (0.00ns)   --->   "%specinterface_ln0 = specinterface void @_ssdm_op_SpecInterface, i1 %exist_1, void @empty_2, i32 0, i32 0, void @empty_0, i32 0, i32 0, void @empty_0, void @empty_0, void @empty_0, i32 0, i32 0, i32 0, i32 0, void @empty_0, void @empty_0"   --->   Operation 40 'specinterface' 'specinterface_ln0' <Predicate = true> <Delay = 0.00>
ST_2 : Operation 41 [1/1] (0.00ns)   --->   "%specbitsmap_ln0 = specbitsmap void @_ssdm_op_SpecBitsMap, i1 %exist_2"   --->   Operation 41 'specbitsmap' 'specbitsmap_ln0' <Predicate = true> <Delay = 0.00>
ST_2 : Operation 42 [1/1] (0.00ns)   --->   "%specinterface_ln0 = specinterface void @_ssdm_op_SpecInterface, i1 %exist_2, void @empty_2, i32 0, i32 0, void @empty_0, i32 0, i32 0, void @empty_0, void @empty_0, void @empty_0, i32 0, i32 0, i32 0, i32 0, void @empty_0, void @empty_0"   --->   Operation 42 'specinterface' 'specinterface_ln0' <Predicate = true> <Delay = 0.00>
ST_2 : Operation 43 [1/1] (0.00ns)   --->   "%specbitsmap_ln0 = specbitsmap void @_ssdm_op_SpecBitsMap, i1 %exist_3"   --->   Operation 43 'specbitsmap' 'specbitsmap_ln0' <Predicate = true> <Delay = 0.00>
ST_2 : Operation 44 [1/1] (0.00ns)   --->   "%specinterface_ln0 = specinterface void @_ssdm_op_SpecInterface, i1 %exist_3, void @empty_2, i32 0, i32 0, void @empty_0, i32 0, i32 0, void @empty_0, void @empty_0, void @empty_0, i32 0, i32 0, i32 0, i32 0, void @empty_0, void @empty_0"   --->   Operation 44 'specinterface' 'specinterface_ln0' <Predicate = true> <Delay = 0.00>
ST_2 : Operation 45 [1/1] (0.00ns)   --->   "%N_Vertex_read = read i32 @_ssdm_op_Read.ap_none.i32, i32 %N_Vertex" [/Zodiac/GraFlex/ArtifactEvaluation/figure8/BFS_Scalability/PE_4/src/hw/ctrl/tmp/bfs_ctrl.cpp:16]   --->   Operation 45 'read' 'N_Vertex_read' <Predicate = true> <Delay = 0.00>
ST_2 : Operation 46 [1/2] (0.00ns)   --->   "%write_ln40 = write void @_ssdm_op_Write.ap_none.volatile.i1P0A, i1 %resWrite, i1 0" [/Zodiac/GraFlex/ArtifactEvaluation/figure8/BFS_Scalability/PE_4/src/hw/ctrl/tmp/bfs_ctrl.cpp:40]   --->   Operation 46 'write' 'write_ln40' <Predicate = true> <Delay = 0.00>
ST_2 : Operation 47 [1/1] (0.00ns)   --->   "%br_ln42 = br void" [/Zodiac/GraFlex/ArtifactEvaluation/figure8/BFS_Scalability/PE_4/src/hw/ctrl/tmp/bfs_ctrl.cpp:42]   --->   Operation 47 'br' 'br_ln42' <Predicate = true> <Delay = 0.00>

State 3 <SV = 2> <Delay = 1.24>
ST_3 : Operation 48 [1/1] (0.00ns)   --->   "%iterIdx_load = load i16 %iterIdx" [/Zodiac/GraFlex/ArtifactEvaluation/figure8/BFS_Scalability/PE_4/src/hw/ctrl/tmp/bfs_ctrl.cpp:42]   --->   Operation 48 'load' 'iterIdx_load' <Predicate = true> <Delay = 0.00>
ST_3 : Operation 49 [1/1] (0.00ns)   --->   "%zext_ln42 = zext i16 %iterIdx_load" [/Zodiac/GraFlex/ArtifactEvaluation/figure8/BFS_Scalability/PE_4/src/hw/ctrl/tmp/bfs_ctrl.cpp:42]   --->   Operation 49 'zext' 'zext_ln42' <Predicate = true> <Delay = 0.00>
ST_3 : Operation 50 [1/1] (0.85ns)   --->   "%icmp_ln42 = icmp_ult  i32 %zext_ln42, i32 %N_Vertex_read" [/Zodiac/GraFlex/ArtifactEvaluation/figure8/BFS_Scalability/PE_4/src/hw/ctrl/tmp/bfs_ctrl.cpp:42]   --->   Operation 50 'icmp' 'icmp_ln42' <Predicate = true> <Delay = 0.85> <CoreInst = "Cmp">   --->   Core 9 'Cmp' <Latency = 0> <II = 1> <Delay = 0.85> <FuncUnit> <Opcode : 'icmp'> <InPorts = 2> <OutPorts = 1>
ST_3 : Operation 51 [1/1] (0.00ns)   --->   "%br_ln42 = br i1 %icmp_ln42, void %.loopexit, void" [/Zodiac/GraFlex/ArtifactEvaluation/figure8/BFS_Scalability/PE_4/src/hw/ctrl/tmp/bfs_ctrl.cpp:42]   --->   Operation 51 'br' 'br_ln42' <Predicate = true> <Delay = 0.00>
ST_3 : Operation 52 [2/2] (0.00ns)   --->   "%write_ln44 = write void @_ssdm_op_Write.ap_none.volatile.i1P0A, i1 %resWrite, i1 0" [/Zodiac/GraFlex/ArtifactEvaluation/figure8/BFS_Scalability/PE_4/src/hw/ctrl/tmp/bfs_ctrl.cpp:44]   --->   Operation 52 'write' 'write_ln44' <Predicate = (icmp_ln42)> <Delay = 0.00>
ST_3 : Operation 53 [2/2] (0.00ns)   --->   "%write_ln45 = write void @_ssdm_op_Write.ap_none.i16P0A, i16 %glblIterIdx, i16 %iterIdx_load" [/Zodiac/GraFlex/ArtifactEvaluation/figure8/BFS_Scalability/PE_4/src/hw/ctrl/tmp/bfs_ctrl.cpp:45]   --->   Operation 53 'write' 'write_ln45' <Predicate = (icmp_ln42)> <Delay = 0.00>
ST_3 : Operation 54 [2/2] (0.38ns)   --->   "%call_ln48 = call void @BFS_PE, i1 %dummyParam" [/Zodiac/GraFlex/ArtifactEvaluation/figure8/BFS_Scalability/PE_4/src/hw/ctrl/tmp/bfs_ctrl.cpp:48]   --->   Operation 54 'call' 'call_ln48' <Predicate = (icmp_ln42)> <Delay = 0.38> <CoreType = "Generic">   --->   Core 0 '' <Latency = 0> <II = 1> <Delay = 1.00> <Generic> <Opcode : >

State 4 <SV = 3> <Delay = 0.00>
ST_4 : Operation 55 [1/1] (0.00ns)   --->   "%specloopname_ln44 = specloopname void @_ssdm_op_SpecLoopName, void @empty_6" [/Zodiac/GraFlex/ArtifactEvaluation/figure8/BFS_Scalability/PE_4/src/hw/ctrl/tmp/bfs_ctrl.cpp:44]   --->   Operation 55 'specloopname' 'specloopname_ln44' <Predicate = true> <Delay = 0.00>
ST_4 : Operation 56 [1/2] (0.00ns)   --->   "%write_ln44 = write void @_ssdm_op_Write.ap_none.volatile.i1P0A, i1 %resWrite, i1 0" [/Zodiac/GraFlex/ArtifactEvaluation/figure8/BFS_Scalability/PE_4/src/hw/ctrl/tmp/bfs_ctrl.cpp:44]   --->   Operation 56 'write' 'write_ln44' <Predicate = true> <Delay = 0.00>
ST_4 : Operation 57 [1/2] (0.00ns)   --->   "%write_ln45 = write void @_ssdm_op_Write.ap_none.i16P0A, i16 %glblIterIdx, i16 %iterIdx_load" [/Zodiac/GraFlex/ArtifactEvaluation/figure8/BFS_Scalability/PE_4/src/hw/ctrl/tmp/bfs_ctrl.cpp:45]   --->   Operation 57 'write' 'write_ln45' <Predicate = true> <Delay = 0.00>
ST_4 : Operation 58 [1/2] (0.00ns)   --->   "%call_ln48 = call void @BFS_PE, i1 %dummyParam" [/Zodiac/GraFlex/ArtifactEvaluation/figure8/BFS_Scalability/PE_4/src/hw/ctrl/tmp/bfs_ctrl.cpp:48]   --->   Operation 58 'call' 'call_ln48' <Predicate = true> <Delay = 0.00> <CoreType = "Generic">   --->   Core 0 '' <Latency = 0> <II = 1> <Delay = 1.00> <Generic> <Opcode : >
ST_4 : Operation 59 [1/1] (0.00ns)   --->   "%br_ln50 = br void" [/Zodiac/GraFlex/ArtifactEvaluation/figure8/BFS_Scalability/PE_4/src/hw/ctrl/tmp/bfs_ctrl.cpp:50]   --->   Operation 59 'br' 'br_ln50' <Predicate = true> <Delay = 0.00>

State 5 <SV = 4> <Delay = 0.00>
ST_5 : Operation 60 [1/1] (0.00ns)   --->   "%cnt_gather_0_read = read i32 @_ssdm_op_Read.ap_none.volatile.i32P0A, i32 %cnt_gather_0" [/Zodiac/GraFlex/ArtifactEvaluation/figure8/BFS_Scalability/PE_4/src/hw/ctrl/tmp/bfs_ctrl.cpp:52]   --->   Operation 60 'read' 'cnt_gather_0_read' <Predicate = true> <Delay = 0.00>

State 6 <SV = 5> <Delay = 0.00>
ST_6 : Operation 61 [1/1] (0.00ns)   --->   "%cnt_gather_0_read_1 = read i32 @_ssdm_op_Read.ap_none.volatile.i32P0A, i32 %cnt_gather_0" [/Zodiac/GraFlex/ArtifactEvaluation/figure8/BFS_Scalability/PE_4/src/hw/ctrl/tmp/bfs_ctrl.cpp:52]   --->   Operation 61 'read' 'cnt_gather_0_read_1' <Predicate = true> <Delay = 0.00>

State 7 <SV = 6> <Delay = 0.00>
ST_7 : Operation 62 [1/1] (0.00ns)   --->   "%cnt_gather_0_read_2 = read i32 @_ssdm_op_Read.ap_none.volatile.i32P0A, i32 %cnt_gather_0" [/Zodiac/GraFlex/ArtifactEvaluation/figure8/BFS_Scalability/PE_4/src/hw/ctrl/tmp/bfs_ctrl.cpp:52]   --->   Operation 62 'read' 'cnt_gather_0_read_2' <Predicate = true> <Delay = 0.00>

State 8 <SV = 7> <Delay = 2.47>
ST_8 : Operation 63 [1/1] (0.00ns)   --->   "%specpipeline_ln0 = specpipeline void @_ssdm_op_SpecPipeline, i32 4294967295, i32 0, i32 1, i32 0, void @p_str"   --->   Operation 63 'specpipeline' 'specpipeline_ln0' <Predicate = true> <Delay = 0.00>
ST_8 : Operation 64 [1/1] (0.00ns)   --->   "%cnt_scatter_0_read = read i32 @_ssdm_op_Read.ap_none.volatile.i32P0A, i32 %cnt_scatter_0" [/Zodiac/GraFlex/ArtifactEvaluation/figure8/BFS_Scalability/PE_4/src/hw/ctrl/tmp/bfs_ctrl.cpp:51]   --->   Operation 64 'read' 'cnt_scatter_0_read' <Predicate = true> <Delay = 0.00>
ST_8 : Operation 65 [1/1] (0.00ns)   --->   "%cnt_scatter_1_read = read i32 @_ssdm_op_Read.ap_none.volatile.i32P0A, i32 %cnt_scatter_1" [/Zodiac/GraFlex/ArtifactEvaluation/figure8/BFS_Scalability/PE_4/src/hw/ctrl/tmp/bfs_ctrl.cpp:51]   --->   Operation 65 'read' 'cnt_scatter_1_read' <Predicate = true> <Delay = 0.00>
ST_8 : Operation 66 [1/1] (0.00ns)   --->   "%cnt_scatter_2_read = read i32 @_ssdm_op_Read.ap_none.volatile.i32P0A, i32 %cnt_scatter_2" [/Zodiac/GraFlex/ArtifactEvaluation/figure8/BFS_Scalability/PE_4/src/hw/ctrl/tmp/bfs_ctrl.cpp:51]   --->   Operation 66 'read' 'cnt_scatter_2_read' <Predicate = true> <Delay = 0.00>
ST_8 : Operation 67 [1/1] (0.00ns)   --->   "%cnt_scatter_3_read = read i32 @_ssdm_op_Read.ap_none.volatile.i32P0A, i32 %cnt_scatter_3" [/Zodiac/GraFlex/ArtifactEvaluation/figure8/BFS_Scalability/PE_4/src/hw/ctrl/tmp/bfs_ctrl.cpp:51]   --->   Operation 67 'read' 'cnt_scatter_3_read' <Predicate = true> <Delay = 0.00>
ST_8 : Operation 68 [1/1] (0.00ns) (grouped into TernaryAdder)   --->   "%add_ln51 = add i32 %cnt_scatter_1_read, i32 %cnt_scatter_0_read" [/Zodiac/GraFlex/ArtifactEvaluation/figure8/BFS_Scalability/PE_4/src/hw/ctrl/tmp/bfs_ctrl.cpp:51]   --->   Operation 68 'add' 'add_ln51' <Predicate = true> <Delay = 0.00> <CoreInst = "TAddSub">   --->   Core 10 'TAddSub' <Latency = 0> <II = 1> <Delay = 0.36> <IPBlock> <Opcode : 'add' 'sub'> <InPorts = 3> <OutPorts = 1> <Sync>
ST_8 : Operation 69 [1/1] (0.88ns)   --->   "%add_ln51_1 = add i32 %cnt_scatter_2_read, i32 %cnt_scatter_3_read" [/Zodiac/GraFlex/ArtifactEvaluation/figure8/BFS_Scalability/PE_4/src/hw/ctrl/tmp/bfs_ctrl.cpp:51]   --->   Operation 69 'add' 'add_ln51_1' <Predicate = true> <Delay = 0.88> <CoreInst = "Adder">   --->   Core 1 'Adder' <Latency = 0> <II = 1> <Delay = 0.78> <FuncUnit> <Opcode : 'add' 'sub'> <InPorts = 2> <OutPorts = 1>
ST_8 : Operation 70 [1/1] (0.73ns) (root node of TernaryAdder)   --->   "%add_ln51_2 = add i32 %add_ln51_1, i32 %add_ln51" [/Zodiac/GraFlex/ArtifactEvaluation/figure8/BFS_Scalability/PE_4/src/hw/ctrl/tmp/bfs_ctrl.cpp:51]   --->   Operation 70 'add' 'add_ln51_2' <Predicate = true> <Delay = 0.73> <CoreInst = "TAddSub">   --->   Core 10 'TAddSub' <Latency = 0> <II = 1> <Delay = 0.36> <IPBlock> <Opcode : 'add' 'sub'> <InPorts = 3> <OutPorts = 1> <Sync>
ST_8 : Operation 71 [1/1] (0.00ns)   --->   "%cnt_gather_0_read_3 = read i32 @_ssdm_op_Read.ap_none.volatile.i32P0A, i32 %cnt_gather_0" [/Zodiac/GraFlex/ArtifactEvaluation/figure8/BFS_Scalability/PE_4/src/hw/ctrl/tmp/bfs_ctrl.cpp:52]   --->   Operation 71 'read' 'cnt_gather_0_read_3' <Predicate = true> <Delay = 0.00>
ST_8 : Operation 72 [1/1] (0.00ns) (grouped into TernaryAdder)   --->   "%add_ln52 = add i32 %cnt_gather_0_read_1, i32 %cnt_gather_0_read" [/Zodiac/GraFlex/ArtifactEvaluation/figure8/BFS_Scalability/PE_4/src/hw/ctrl/tmp/bfs_ctrl.cpp:52]   --->   Operation 72 'add' 'add_ln52' <Predicate = true> <Delay = 0.00> <CoreInst = "TAddSub">   --->   Core 10 'TAddSub' <Latency = 0> <II = 1> <Delay = 0.36> <IPBlock> <Opcode : 'add' 'sub'> <InPorts = 3> <OutPorts = 1> <Sync>
ST_8 : Operation 73 [1/1] (0.88ns)   --->   "%add_ln52_1 = add i32 %cnt_gather_0_read_2, i32 %cnt_gather_0_read_3" [/Zodiac/GraFlex/ArtifactEvaluation/figure8/BFS_Scalability/PE_4/src/hw/ctrl/tmp/bfs_ctrl.cpp:52]   --->   Operation 73 'add' 'add_ln52_1' <Predicate = true> <Delay = 0.88> <CoreInst = "Adder">   --->   Core 1 'Adder' <Latency = 0> <II = 1> <Delay = 0.78> <FuncUnit> <Opcode : 'add' 'sub'> <InPorts = 2> <OutPorts = 1>
ST_8 : Operation 74 [1/1] (0.73ns) (root node of TernaryAdder)   --->   "%add_ln52_2 = add i32 %add_ln52_1, i32 %add_ln52" [/Zodiac/GraFlex/ArtifactEvaluation/figure8/BFS_Scalability/PE_4/src/hw/ctrl/tmp/bfs_ctrl.cpp:52]   --->   Operation 74 'add' 'add_ln52_2' <Predicate = true> <Delay = 0.73> <CoreInst = "TAddSub">   --->   Core 10 'TAddSub' <Latency = 0> <II = 1> <Delay = 0.36> <IPBlock> <Opcode : 'add' 'sub'> <InPorts = 3> <OutPorts = 1> <Sync>
ST_8 : Operation 75 [1/1] (0.85ns)   --->   "%icmp_ln51 = icmp_eq  i32 %add_ln51_2, i32 %add_ln52_2" [/Zodiac/GraFlex/ArtifactEvaluation/figure8/BFS_Scalability/PE_4/src/hw/ctrl/tmp/bfs_ctrl.cpp:51]   --->   Operation 75 'icmp' 'icmp_ln51' <Predicate = true> <Delay = 0.85> <CoreInst = "Cmp">   --->   Core 9 'Cmp' <Latency = 0> <II = 1> <Delay = 0.85> <FuncUnit> <Opcode : 'icmp'> <InPorts = 2> <OutPorts = 1>
ST_8 : Operation 76 [1/1] (0.00ns)   --->   "%br_ln50 = br i1 %icmp_ln51, void %0, void" [/Zodiac/GraFlex/ArtifactEvaluation/figure8/BFS_Scalability/PE_4/src/hw/ctrl/tmp/bfs_ctrl.cpp:50]   --->   Operation 76 'br' 'br_ln50' <Predicate = true> <Delay = 0.00>
ST_8 : Operation 77 [1/1] (0.00ns)   --->   "%specloopname_ln50 = specloopname void @_ssdm_op_SpecLoopName, void @empty_5" [/Zodiac/GraFlex/ArtifactEvaluation/figure8/BFS_Scalability/PE_4/src/hw/ctrl/tmp/bfs_ctrl.cpp:50]   --->   Operation 77 'specloopname' 'specloopname_ln50' <Predicate = (!icmp_ln51)> <Delay = 0.00>
ST_8 : Operation 78 [1/1] (0.00ns)   --->   "%rbegin = specregionbegin i32 @_ssdm_op_SpecRegionBegin, void @empty" [/Zodiac/GraFlex/ArtifactEvaluation/figure8/BFS_Scalability/PE_4/src/hw/ctrl/tmp/bfs_ctrl.cpp:50]   --->   Operation 78 'specregionbegin' 'rbegin' <Predicate = (!icmp_ln51)> <Delay = 0.00>
ST_8 : Operation 79 [1/1] (0.00ns)   --->   "%wait_ln55 = wait void @_ssdm_op_Wait, i32 1" [/Zodiac/GraFlex/ArtifactEvaluation/figure8/BFS_Scalability/PE_4/src/hw/ctrl/tmp/bfs_ctrl.cpp:55]   --->   Operation 79 'wait' 'wait_ln55' <Predicate = (!icmp_ln51)> <Delay = 0.00>
ST_8 : Operation 80 [1/1] (0.00ns)   --->   "%specprotocol_ln56 = specprotocol void @_ssdm_op_SpecProtocol, i64 1, void @empty_0" [/Zodiac/GraFlex/ArtifactEvaluation/figure8/BFS_Scalability/PE_4/src/hw/ctrl/tmp/bfs_ctrl.cpp:56]   --->   Operation 80 'specprotocol' 'specprotocol_ln56' <Predicate = (!icmp_ln51)> <Delay = 0.00>
ST_8 : Operation 81 [1/1] (0.00ns)   --->   "%rend = specregionend i32 @_ssdm_op_SpecRegionEnd, void @empty, i32 %rbegin" [/Zodiac/GraFlex/ArtifactEvaluation/figure8/BFS_Scalability/PE_4/src/hw/ctrl/tmp/bfs_ctrl.cpp:56]   --->   Operation 81 'specregionend' 'rend' <Predicate = (!icmp_ln51)> <Delay = 0.00>
ST_8 : Operation 82 [1/1] (0.00ns)   --->   "%br_ln50 = br void" [/Zodiac/GraFlex/ArtifactEvaluation/figure8/BFS_Scalability/PE_4/src/hw/ctrl/tmp/bfs_ctrl.cpp:50]   --->   Operation 82 'br' 'br_ln50' <Predicate = (!icmp_ln51)> <Delay = 0.00>

State 9 <SV = 8> <Delay = 0.78>
ST_9 : Operation 83 [1/1] (0.00ns)   --->   "%exist_0_read = read i1 @_ssdm_op_Read.ap_none.volatile.i1P0A, i1 %exist_0" [/Zodiac/GraFlex/ArtifactEvaluation/figure8/BFS_Scalability/PE_4/src/hw/ctrl/tmp/bfs_ctrl.cpp:59]   --->   Operation 83 'read' 'exist_0_read' <Predicate = (icmp_ln42)> <Delay = 0.00>
ST_9 : Operation 84 [1/1] (0.00ns)   --->   "%br_ln59 = br i1 %exist_0_read, void, void %.thread" [/Zodiac/GraFlex/ArtifactEvaluation/figure8/BFS_Scalability/PE_4/src/hw/ctrl/tmp/bfs_ctrl.cpp:59]   --->   Operation 84 'br' 'br_ln59' <Predicate = (icmp_ln42)> <Delay = 0.00>
ST_9 : Operation 85 [1/1] (0.00ns)   --->   "%exist_1_read = read i1 @_ssdm_op_Read.ap_none.volatile.i1P0A, i1 %exist_1" [/Zodiac/GraFlex/ArtifactEvaluation/figure8/BFS_Scalability/PE_4/src/hw/ctrl/tmp/bfs_ctrl.cpp:59]   --->   Operation 85 'read' 'exist_1_read' <Predicate = (icmp_ln42 & !exist_0_read)> <Delay = 0.00>
ST_9 : Operation 86 [1/1] (0.00ns)   --->   "%br_ln59 = br i1 %exist_1_read, void, void %.thread" [/Zodiac/GraFlex/ArtifactEvaluation/figure8/BFS_Scalability/PE_4/src/hw/ctrl/tmp/bfs_ctrl.cpp:59]   --->   Operation 86 'br' 'br_ln59' <Predicate = (icmp_ln42 & !exist_0_read)> <Delay = 0.00>
ST_9 : Operation 87 [1/1] (0.00ns)   --->   "%exist_2_read = read i1 @_ssdm_op_Read.ap_none.volatile.i1P0A, i1 %exist_2" [/Zodiac/GraFlex/ArtifactEvaluation/figure8/BFS_Scalability/PE_4/src/hw/ctrl/tmp/bfs_ctrl.cpp:59]   --->   Operation 87 'read' 'exist_2_read' <Predicate = (icmp_ln42 & !exist_0_read & !exist_1_read)> <Delay = 0.00>
ST_9 : Operation 88 [1/1] (0.00ns)   --->   "%br_ln59 = br i1 %exist_2_read, void, void %.thread" [/Zodiac/GraFlex/ArtifactEvaluation/figure8/BFS_Scalability/PE_4/src/hw/ctrl/tmp/bfs_ctrl.cpp:59]   --->   Operation 88 'br' 'br_ln59' <Predicate = (icmp_ln42 & !exist_0_read & !exist_1_read)> <Delay = 0.00>
ST_9 : Operation 89 [1/1] (0.00ns)   --->   "%exist_3_read = read i1 @_ssdm_op_Read.ap_none.volatile.i1P0A, i1 %exist_3" [/Zodiac/GraFlex/ArtifactEvaluation/figure8/BFS_Scalability/PE_4/src/hw/ctrl/tmp/bfs_ctrl.cpp:59]   --->   Operation 89 'read' 'exist_3_read' <Predicate = (icmp_ln42 & !exist_0_read & !exist_1_read & !exist_2_read)> <Delay = 0.00>
ST_9 : Operation 90 [1/1] (0.00ns)   --->   "%br_ln59 = br i1 %exist_3_read, void %.loopexit, void %.thread" [/Zodiac/GraFlex/ArtifactEvaluation/figure8/BFS_Scalability/PE_4/src/hw/ctrl/tmp/bfs_ctrl.cpp:59]   --->   Operation 90 'br' 'br_ln59' <Predicate = (icmp_ln42 & !exist_0_read & !exist_1_read & !exist_2_read)> <Delay = 0.00>
ST_9 : Operation 91 [1/1] (0.78ns)   --->   "%add_ln63 = add i16 %iterIdx_load, i16 1" [/Zodiac/GraFlex/ArtifactEvaluation/figure8/BFS_Scalability/PE_4/src/hw/ctrl/tmp/bfs_ctrl.cpp:63]   --->   Operation 91 'add' 'add_ln63' <Predicate = (icmp_ln42 & exist_3_read) | (icmp_ln42 & exist_2_read) | (icmp_ln42 & exist_1_read) | (icmp_ln42 & exist_0_read)> <Delay = 0.78> <CoreInst = "Adder">   --->   Core 1 'Adder' <Latency = 0> <II = 1> <Delay = 0.78> <FuncUnit> <Opcode : 'add' 'sub'> <InPorts = 2> <OutPorts = 1>
ST_9 : Operation 92 [1/1] (0.00ns)   --->   "%store_ln63 = store i16 %add_ln63, i16 %iterIdx" [/Zodiac/GraFlex/ArtifactEvaluation/figure8/BFS_Scalability/PE_4/src/hw/ctrl/tmp/bfs_ctrl.cpp:63]   --->   Operation 92 'store' 'store_ln63' <Predicate = (icmp_ln42 & exist_3_read) | (icmp_ln42 & exist_2_read) | (icmp_ln42 & exist_1_read) | (icmp_ln42 & exist_0_read)> <Delay = 0.00>
ST_9 : Operation 93 [1/1] (0.00ns)   --->   "%br_ln42 = br void" [/Zodiac/GraFlex/ArtifactEvaluation/figure8/BFS_Scalability/PE_4/src/hw/ctrl/tmp/bfs_ctrl.cpp:42]   --->   Operation 93 'br' 'br_ln42' <Predicate = (icmp_ln42 & exist_3_read) | (icmp_ln42 & exist_2_read) | (icmp_ln42 & exist_1_read) | (icmp_ln42 & exist_0_read)> <Delay = 0.00>
ST_9 : Operation 94 [2/2] (0.00ns)   --->   "%write_ln66 = write void @_ssdm_op_Write.ap_none.volatile.i1P0A, i1 %resWrite, i1 1" [/Zodiac/GraFlex/ArtifactEvaluation/figure8/BFS_Scalability/PE_4/src/hw/ctrl/tmp/bfs_ctrl.cpp:66]   --->   Operation 94 'write' 'write_ln66' <Predicate = (!exist_0_read & !exist_1_read & !exist_2_read & !exist_3_read) | (!icmp_ln42)> <Delay = 0.00>
ST_9 : Operation 95 [2/2] (0.38ns)   --->   "%call_ln67 = call void @BFS_PE, i1 %dummyParam" [/Zodiac/GraFlex/ArtifactEvaluation/figure8/BFS_Scalability/PE_4/src/hw/ctrl/tmp/bfs_ctrl.cpp:67]   --->   Operation 95 'call' 'call_ln67' <Predicate = (!exist_0_read & !exist_1_read & !exist_2_read & !exist_3_read) | (!icmp_ln42)> <Delay = 0.38> <CoreType = "Generic">   --->   Core 0 '' <Latency = 0> <II = 1> <Delay = 1.00> <Generic> <Opcode : >

State 10 <SV = 9> <Delay = 0.00>
ST_10 : Operation 96 [1/2] (0.00ns)   --->   "%write_ln66 = write void @_ssdm_op_Write.ap_none.volatile.i1P0A, i1 %resWrite, i1 1" [/Zodiac/GraFlex/ArtifactEvaluation/figure8/BFS_Scalability/PE_4/src/hw/ctrl/tmp/bfs_ctrl.cpp:66]   --->   Operation 96 'write' 'write_ln66' <Predicate = true> <Delay = 0.00>
ST_10 : Operation 97 [1/2] (0.00ns)   --->   "%call_ln67 = call void @BFS_PE, i1 %dummyParam" [/Zodiac/GraFlex/ArtifactEvaluation/figure8/BFS_Scalability/PE_4/src/hw/ctrl/tmp/bfs_ctrl.cpp:67]   --->   Operation 97 'call' 'call_ln67' <Predicate = true> <Delay = 0.00> <CoreType = "Generic">   --->   Core 0 '' <Latency = 0> <II = 1> <Delay = 1.00> <Generic> <Opcode : >
ST_10 : Operation 98 [1/1] (0.00ns)   --->   "%ret_ln69 = ret" [/Zodiac/GraFlex/ArtifactEvaluation/figure8/BFS_Scalability/PE_4/src/hw/ctrl/tmp/bfs_ctrl.cpp:69]   --->   Operation 98 'ret' 'ret_ln69' <Predicate = true> <Delay = 0.00>


============================================================
+ Verbose Summary: Timing violations
============================================================
Target clock period: 5ns, clock uncertainty: 1.35ns.

 <State 1>: 0ns
The critical path consists of the following:

 <State 2>: 0ns
The critical path consists of the following:

 <State 3>: 1.25ns
The critical path consists of the following:
	'load' operation ('iterIdx_load', /Zodiac/GraFlex/ArtifactEvaluation/figure8/BFS_Scalability/PE_4/src/hw/ctrl/tmp/bfs_ctrl.cpp:42) on static variable 'iterIdx' [56]  (0 ns)
	'icmp' operation ('icmp_ln42', /Zodiac/GraFlex/ArtifactEvaluation/figure8/BFS_Scalability/PE_4/src/hw/ctrl/tmp/bfs_ctrl.cpp:42) [58]  (0.859 ns)
	blocking operation 0.387 ns on control path)

 <State 4>: 0ns
The critical path consists of the following:

 <State 5>: 0ns
The critical path consists of the following:

 <State 6>: 0ns
The critical path consists of the following:

 <State 7>: 0ns
The critical path consists of the following:

 <State 8>: 2.47ns
The critical path consists of the following:
	wire read on port 'cnt_scatter_2' (/Zodiac/GraFlex/ArtifactEvaluation/figure8/BFS_Scalability/PE_4/src/hw/ctrl/tmp/bfs_ctrl.cpp:51) [70]  (0 ns)
	'add' operation ('add_ln51_1', /Zodiac/GraFlex/ArtifactEvaluation/figure8/BFS_Scalability/PE_4/src/hw/ctrl/tmp/bfs_ctrl.cpp:51) [73]  (0.88 ns)
	'add' operation ('add_ln51_2', /Zodiac/GraFlex/ArtifactEvaluation/figure8/BFS_Scalability/PE_4/src/hw/ctrl/tmp/bfs_ctrl.cpp:51) [74]  (0.731 ns)
	'icmp' operation ('icmp_ln51', /Zodiac/GraFlex/ArtifactEvaluation/figure8/BFS_Scalability/PE_4/src/hw/ctrl/tmp/bfs_ctrl.cpp:51) [82]  (0.859 ns)

 <State 9>: 0.785ns
The critical path consists of the following:
	'add' operation ('add_ln63', /Zodiac/GraFlex/ArtifactEvaluation/figure8/BFS_Scalability/PE_4/src/hw/ctrl/tmp/bfs_ctrl.cpp:63) [104]  (0.785 ns)

 <State 10>: 0ns
The critical path consists of the following:


============================================================
+ Verbose Summary: Binding
============================================================
N/A
* FSMD analyzer results:
  - Output states:
 - Input state : 
  - Chain level:
	State 1
	State 2
	State 3
	State 4
	State 5
	State 6
	State 7
	State 8
	State 9
	State 10


============================================================
+ Verbose Summary: Datapath Resource usage 
============================================================
N/A
