

================================================================
== Vitis HLS Report for 'BFS_Scatter'
================================================================
* Date:           Wed Dec 20 22:12:23 2023

* Version:        2020.2 (Build 3064766 on Wed Nov 18 09:12:47 MST 2020)
* Project:        bfs_scatter_v1
* Solution:       solution1 (Vivado IP Flow Target)
* Product family: virtexuplus
* Target device:  xcu280-fsvh2892-2L-e


================================================================
== Performance Estimates
================================================================
+ Timing: 
    * Summary: 
    +--------+---------+----------+------------+
    |  Clock |  Target | Estimated| Uncertainty|
    +--------+---------+----------+------------+
    |ap_clk  |  5.00 ns|  3.631 ns|     1.35 ns|
    +--------+---------+----------+------------+

+ Latency: 
    * Summary: 
    +---------+---------+----------+----------+-----+-----+---------+
    |  Latency (cycles) |  Latency (absolute) |  Interval | Pipeline|
    |   min   |   max   |    min   |    max   | min | max |   Type  |
    +---------+---------+----------+----------+-----+-----+---------+
    |        ?|        ?|         ?|         ?|    ?|    ?|     none|
    +---------+---------+----------+----------+-----+-----+---------+

    + Detail: 
        * Instance: 
        +------------------------------+------------------+---------+---------+-----------+----------+-----+--------+---------+
        |                              |                  |  Latency (cycles) |  Latency (absolute)  |   Interval   | Pipeline|
        |           Instance           |      Module      |   min   |   max   |    min    |    max   | min |   max  |   Type  |
        +------------------------------+------------------+---------+---------+-----------+----------+-----+--------+---------+
        |grp_WrDist_fu_1314            |WrDist            |       66|       66|   0.330 us|  0.330 us|   66|      66|     none|
        |grp_gen_access_tuple_fu_1391  |gen_access_tuple  |        8|   131585|  40.000 ns|  0.658 ms|    8|  131585|     none|
        |grp_feed_network_fu_1401      |feed_network      |        ?|        ?|          ?|         ?|    ?|       ?|     none|
        |grp_BuffOfst_fu_1491          |BuffOfst          |        ?|        ?|          ?|         ?|    ?|       ?|     none|
        +------------------------------+------------------+---------+---------+-----------+----------+-----+--------+---------+

        * Loop: 
        +-----------+---------+---------+-------------+-----------+-----------+-------+----------+
        |           |  Latency (cycles) |  Iteration  |  Initiation Interval  |  Trip |          |
        | Loop Name |   min   |   max   |   Latency   |  achieved |   target  | Count | Pipelined|
        +-----------+---------+---------+-------------+-----------+-----------+-------+----------+
        |- L6       |        ?|        ?|           68|          -|          -|      ?|        no|
        |- L_WAIT   |       64|       64|            2|          -|          -|     32|        no|
        |- INIT_L0  |     4096|     4096|            2|          1|          1|   4096|       yes|
        |- L1       |        ?|        ?|  10 ~ 131587|          -|          -|  2 ~ ?|        no|
        +-----------+---------+---------+-------------+-----------+-----------+-------+----------+



================================================================
== Utilization Estimates
================================================================
* Summary: 
+---------------------+---------+------+---------+---------+-----+
|         Name        | BRAM_18K|  DSP |    FF   |   LUT   | URAM|
+---------------------+---------+------+---------+---------+-----+
|DSP                  |        -|     -|        -|        -|    -|
|Expression           |        -|     -|        0|     4952|    -|
|FIFO                 |        -|     -|        -|        -|    -|
|Instance             |        -|     -|     3079|     2644|    -|
|Memory               |        8|     -|        4|      300|   12|
|Multiplexer          |        -|     -|        -|     2489|    -|
|Register             |        -|     -|      584|        -|    -|
+---------------------+---------+------+---------+---------+-----+
|Total                |        8|     0|     3667|    10385|   12|
+---------------------+---------+------+---------+---------+-----+
|Available SLR        |     1344|  3008|   869120|   434560|  320|
+---------------------+---------+------+---------+---------+-----+
|Utilization SLR (%)  |       ~0|     0|       ~0|        2|    3|
+---------------------+---------+------+---------+---------+-----+
|Available            |     4032|  9024|  2607360|  1303680|  960|
+---------------------+---------+------+---------+---------+-----+
|Utilization (%)      |       ~0|     0|       ~0|       ~0|    1|
+---------------------+---------+------+---------+---------+-----+

+ Detail: 
    * Instance: 
    +------------------------------+------------------+---------+----+------+------+-----+
    |           Instance           |      Module      | BRAM_18K| DSP|  FF  |  LUT | URAM|
    +------------------------------+------------------+---------+----+------+------+-----+
    |grp_BuffOfst_fu_1491          |BuffOfst          |        0|   0|   285|   478|    0|
    |grp_WrDist_fu_1314            |WrDist            |        0|   0|  1947|   299|    0|
    |grp_feed_network_fu_1401      |feed_network      |        0|   0|   348|   625|    0|
    |grp_gen_access_tuple_fu_1391  |gen_access_tuple  |        0|   0|   499|  1242|    0|
    +------------------------------+------------------+---------+----+------+------+-----+
    |Total                         |                  |        0|   0|  3079|  2644|    0|
    +------------------------------+------------------+---------+----+------+------+-----+

    * DSP: 
    N/A

    * Memory: 
    +--------------------+------------------+---------+---+-----+-----+--------+-----+------+-------------+
    |       Memory       |      Module      | BRAM_18K| FF| LUT | URAM|  Words | Bits| Banks| W*Bits*Banks|
    +--------------------+------------------+---------+---+-----+-----+--------+-----+------+-------------+
    |mem_req_buff_V_0_U  |mem_req_buff_V_0  |        4|  0|    0|    0|    2048|   32|     1|        65536|
    |mem_req_buff_V_1_U  |mem_req_buff_V_0  |        4|  0|    0|    0|    2048|   32|     1|        65536|
    |ofst_buff_U         |ofst_buff         |        0|  4|  300|   12|  393216|   64|     1|     25165824|
    +--------------------+------------------+---------+---+-----+-----+--------+-----+------+-------------+
    |Total               |                  |        8|  4|  300|   12|  397312|  128|     3|     25296896|
    +--------------------+------------------+---------+---+-----+-----+--------+-----+------+-------------+

    * FIFO: 
    N/A

    * Expression: 
    +-----------------------------------+----------+----+---+-----+------------+------------+
    |           Variable Name           | Operation| DSP| FF| LUT | Bitwidth P0| Bitwidth P1|
    +-----------------------------------+----------+----+---+-----+------------+------------+
    |add129_fu_2233_p2                  |         +|   0|  0|   32|          25|           2|
    |add_ln310_fu_1987_p2               |         +|   0|  0|   14|           7|           2|
    |add_ln312_1_fu_1816_p2             |         +|   0|  0|   15|           8|           8|
    |add_ln312_fu_1790_p2               |         +|   0|  0|   14|           7|           3|
    |add_ln336_fu_2270_p2               |         +|   0|  0|   23|          16|           1|
    |add_ln352_fu_2333_p2               |         +|   0|  0|   14|           7|           2|
    |add_ln395_fu_1690_p2               |         +|   0|  0|   14|           7|           4|
    |add_ln406_fu_2217_p2               |         +|   0|  0|   27|          20|           2|
    |add_ln674_fu_1770_p2               |         +|   0|  0|   14|           7|           7|
    |add_ln684_fu_1714_p2               |         +|   0|  0|   14|           7|           7|
    |i_3_fu_2290_p2                     |         +|   0|  0|   23|          16|           1|
    |i_5_fu_1593_p2                     |         +|   0|  0|   20|          13|           1|
    |i_7_fu_2238_p2                     |         +|   0|  0|   32|          25|           1|
    |ret_fu_2309_p2                     |         +|   0|  0|   41|          34|          18|
    |rlt_tail_idx_fu_1572_p2            |         +|   0|  0|   38|          31|           1|
    |grp_fu_1509_p2                     |         -|   0|  0|   14|           6|           7|
    |sub_ln310_fu_2000_p2               |         -|   0|  0|   15|           8|           8|
    |sub_ln312_1_fu_2038_p2             |         -|   0|  0|   15|           8|           8|
    |sub_ln312_2_fu_2066_p2             |         -|   0|  0|   15|           8|           8|
    |sub_ln312_fu_1899_p2               |         -|   0|  0|   15|           8|           7|
    |sub_ln386_fu_1652_p2               |         -|   0|  0|   29|          22|          22|
    |sub_ln674_3_fu_1784_p2             |         -|   0|  0|   14|           6|           7|
    |sub_ln674_fu_1847_p2               |         -|   0|  0|   15|           8|           7|
    |sub_ln684_1_fu_1734_p2             |         -|   0|  0|   14|           2|           7|
    |sub_ln684_fu_1704_p2               |         -|   0|  0|   13|           5|           6|
    |and_ln312_2_fu_2120_p2             |       and|   0|  0|  136|         136|         136|
    |and_ln312_3_fu_2132_p2             |       and|   0|  0|  136|         136|         136|
    |and_ln312_4_fu_2138_p2             |       and|   0|  0|  136|         136|         136|
    |and_ln312_fu_1975_p2               |       and|   0|  0|   72|          72|          72|
    |ap_block_state15                   |       and|   0|  0|    2|           1|           1|
    |ap_block_state9_on_subcall_done    |       and|   0|  0|    2|           1|           1|
    |grp_WrDist_fu_1314_wr_port_TREADY  |       and|   0|  0|    2|           1|           1|
    |p_Result_14_fu_1887_p2             |       and|   0|  0|   64|          64|          64|
    |p_Result_15_fu_1981_p2             |       and|   0|  0|   72|          72|          72|
    |p_Result_16_fu_2016_p2             |       and|   0|  0|  136|         136|         136|
    |icmp_ln312_1_fu_2025_p2            |      icmp|   0|  0|   20|          32|          32|
    |icmp_ln312_fu_1806_p2              |      icmp|   0|  0|    9|           4|           1|
    |icmp_ln336_fu_1587_p2              |      icmp|   0|  0|   12|          13|           1|
    |icmp_ln341_fu_2296_p2              |      icmp|   0|  0|   13|          16|          16|
    |icmp_ln350_fu_2320_p2              |      icmp|   0|  0|   11|           8|           1|
    |icmp_ln370_fu_1581_p2              |      icmp|   0|  0|   13|          16|           1|
    |icmp_ln372_fu_1599_p2              |      icmp|   0|  0|   12|          13|          14|
    |icmp_ln384_fu_1647_p2              |      icmp|   0|  0|   11|           8|           8|
    |icmp_ln390_1_fu_1828_p2            |      icmp|   0|  0|    8|           3|           1|
    |icmp_ln390_fu_1822_p2              |      icmp|   0|  0|    8|           3|           2|
    |icmp_ln413_fu_2248_p2              |      icmp|   0|  0|   16|          25|          25|
    |icmp_ln674_fu_1764_p2              |      icmp|   0|  0|   17|          26|           1|
    |icmp_ln684_fu_1728_p2              |      icmp|   0|  0|    8|           3|           1|
    |lshr_ln310_fu_2010_p2              |      lshr|   0|  0|  455|           2|         136|
    |lshr_ln312_1_fu_2114_p2            |      lshr|   0|  0|  455|           2|         136|
    |lshr_ln312_fu_1969_p2              |      lshr|   0|  0|  214|           2|          72|
    |lshr_ln674_1_fu_1881_p2            |      lshr|   0|  0|  182|           2|          64|
    |lshr_ln674_fu_1875_p2              |      lshr|   0|  0|  182|           2|          64|
    |p_Result_13_fu_1856_p2             |      lshr|   0|  0|  182|           2|          64|
    |ap_block_state11_on_subcall_done   |        or|   0|  0|    2|           1|           1|
    |or_ln390_fu_2161_p2                |        or|   0|  0|    2|           1|           1|
    |p_Result_17_fu_2144_p2             |        or|   0|  0|  136|         136|         136|
    |W_ref1_fu_1720_p3                  |    select|   0|  0|    7|           1|           7|
    |W_ref2_fu_1740_p3                  |    select|   0|  0|    7|           1|           7|
    |n_wr_iter_fu_2276_p3               |    select|   0|  0|   16|           1|          16|
    |select_ln312_1_fu_1904_p3          |    select|   0|  0|    7|           1|           6|
    |select_ln312_2_fu_1939_p3          |    select|   0|  0|   69|           1|          72|
    |select_ln312_3_fu_1956_p3          |    select|   0|  0|   69|           1|          72|
    |select_ln312_4_fu_2044_p3          |    select|   0|  0|    8|           1|           8|
    |select_ln312_5_fu_2051_p3          |    select|   0|  0|    8|           1|           8|
    |select_ln312_6_fu_2058_p3          |    select|   0|  0|    8|           1|           8|
    |select_ln312_7_fu_2100_p3          |    select|   0|  0|  129|           1|         136|
    |select_ln312_fu_1893_p3            |    select|   0|  0|    7|           1|           7|
    |select_ln390_fu_2154_p3            |    select|   0|  0|   56|           1|          10|
    |select_ln674_1_fu_1862_p3          |    select|   0|  0|    7|           1|           7|
    |select_ln674_fu_1776_p3            |    select|   0|  0|    7|           1|           7|
    |wrVal_fu_2165_p3                   |    select|   0|  0|   63|           1|          64|
    |shl_ln312_1_fu_2084_p2             |       shl|   0|  0|  455|         136|         136|
    |shl_ln312_2_fu_2108_p2             |       shl|   0|  0|  455|           2|         136|
    |shl_ln312_fu_1963_p2               |       shl|   0|  0|  214|           2|          72|
    |ap_enable_pp0                      |       xor|   0|  0|    2|           1|           2|
    |ap_enable_reg_pp0_iter1            |       xor|   0|  0|    2|           2|           1|
    |xor_ln312_fu_2126_p2               |       xor|   0|  0|  136|          64|         136|
    +-----------------------------------+----------+----+---+-----+------------+------------+
    |Total                              |          |   0|  0| 4952|        1608|        2598|
    +-----------------------------------+----------+----+---+-----+------------+------------+

    * Multiplexer: 
    +------------------------------------------+----+-----------+-----+-----------+
    |                   Name                   | LUT| Input Size| Bits| Total Bits|
    +------------------------------------------+----+-----------+-----+-----------+
    |ap_NS_fsm                                 |  81|         17|    1|         17|
    |ap_enable_reg_pp0_iter1                   |  14|          3|    1|          3|
    |ap_sig_allocacmp_resWrite_assign_load     |   9|          2|    1|          2|
    |cnt_oot_reg_1303                          |   9|          2|    7|         14|
    |grp_feed_network_fu_1401_mem_req_buff_q0  |  14|          3|   32|         96|
    |grp_feed_network_fu_1401_n_mem_tuples     |  14|          3|   16|         48|
    |grp_fu_1509_p1                            |  14|          3|    7|         21|
    |i_4_reg_1269                              |   9|          2|   13|         26|
    |i_6_reg_1280                              |   9|          2|   25|         50|
    |i_reg_1292                                |   9|          2|   16|         32|
    |launch_recv                               |  14|          3|    1|          3|
    |mem_req_buff_V_0_ce0                      |   9|          2|    1|          2|
    |mem_req_buff_V_0_ce1                      |   9|          2|    1|          2|
    |mem_req_buff_V_0_we1                      |   9|          2|    1|          2|
    |mem_req_buff_V_1_ce0                      |   9|          2|    1|          2|
    |mem_req_buff_V_1_ce1                      |   9|          2|    1|          2|
    |mem_req_buff_V_1_we1                      |   9|          2|    1|          2|
    |n_tuple_0_fu_436                          |   9|          2|   16|         32|
    |n_tuple_1_fu_440                          |   9|          2|   16|         32|
    |ofst_buff_address1                        |  14|          3|   19|         57|
    |ofst_buff_ce0                             |   9|          2|    1|          2|
    |ofst_buff_ce1                             |  14|          3|    1|          3|
    |ofst_buff_we1                             |   9|          2|    1|          2|
    |rd_baseAddr                               |  14|          3|   33|         99|
    |rd_baseAddr_preg                          |   9|          2|   33|         66|
    |rd_port_TREADY_int_regslice               |  14|          3|    1|          3|
    |rd_req_V_din                              |   9|          2|   32|         64|
    |rd_req_V_write                            |  14|          3|    1|          3|
    |rd_start                                  |  20|          4|    1|          4|
    |sw_data_0_V_write                         |   9|          2|    1|          2|
    |sw_data_1_V_write                         |   9|          2|    1|          2|
    |sw_data_2_V_write                         |   9|          2|    1|          2|
    |sw_data_3_V_write                         |   9|          2|    1|          2|
    |tmp_dist_0_address0                       |  26|          5|   12|         60|
    |tmp_dist_0_ce0                            |  20|          4|    1|          4|
    |tmp_dist_0_d0                             |  14|          3|   64|        192|
    |tmp_dist_10_address0                      |  26|          5|   12|         60|
    |tmp_dist_10_ce0                           |  20|          4|    1|          4|
    |tmp_dist_10_d0                            |  14|          3|   64|        192|
    |tmp_dist_11_address0                      |  26|          5|   12|         60|
    |tmp_dist_11_ce0                           |  20|          4|    1|          4|
    |tmp_dist_11_d0                            |  14|          3|   64|        192|
    |tmp_dist_12_address0                      |  26|          5|   12|         60|
    |tmp_dist_12_ce0                           |  20|          4|    1|          4|
    |tmp_dist_12_d0                            |  14|          3|   64|        192|
    |tmp_dist_13_address0                      |  26|          5|   12|         60|
    |tmp_dist_13_ce0                           |  20|          4|    1|          4|
    |tmp_dist_13_d0                            |  14|          3|   64|        192|
    |tmp_dist_14_address0                      |  26|          5|   12|         60|
    |tmp_dist_14_ce0                           |  20|          4|    1|          4|
    |tmp_dist_14_d0                            |  14|          3|   64|        192|
    |tmp_dist_15_address0                      |  26|          5|   12|         60|
    |tmp_dist_15_ce0                           |  20|          4|    1|          4|
    |tmp_dist_15_d0                            |  14|          3|   64|        192|
    |tmp_dist_16_address0                      |  26|          5|   12|         60|
    |tmp_dist_16_ce0                           |  20|          4|    1|          4|
    |tmp_dist_16_d0                            |  14|          3|   64|        192|
    |tmp_dist_17_address0                      |  26|          5|   12|         60|
    |tmp_dist_17_ce0                           |  20|          4|    1|          4|
    |tmp_dist_17_d0                            |  14|          3|   64|        192|
    |tmp_dist_18_address0                      |  26|          5|   12|         60|
    |tmp_dist_18_ce0                           |  20|          4|    1|          4|
    |tmp_dist_18_d0                            |  14|          3|   64|        192|
    |tmp_dist_19_address0                      |  26|          5|   12|         60|
    |tmp_dist_19_ce0                           |  20|          4|    1|          4|
    |tmp_dist_19_d0                            |  14|          3|   64|        192|
    |tmp_dist_1_address0                       |  26|          5|   12|         60|
    |tmp_dist_1_ce0                            |  20|          4|    1|          4|
    |tmp_dist_1_d0                             |  14|          3|   64|        192|
    |tmp_dist_20_address0                      |  26|          5|   12|         60|
    |tmp_dist_20_ce0                           |  20|          4|    1|          4|
    |tmp_dist_20_d0                            |  14|          3|   64|        192|
    |tmp_dist_21_address0                      |  26|          5|   12|         60|
    |tmp_dist_21_ce0                           |  20|          4|    1|          4|
    |tmp_dist_21_d0                            |  14|          3|   64|        192|
    |tmp_dist_22_address0                      |  26|          5|   12|         60|
    |tmp_dist_22_ce0                           |  20|          4|    1|          4|
    |tmp_dist_22_d0                            |  14|          3|   64|        192|
    |tmp_dist_23_address0                      |  26|          5|   12|         60|
    |tmp_dist_23_ce0                           |  20|          4|    1|          4|
    |tmp_dist_23_d0                            |  14|          3|   64|        192|
    |tmp_dist_24_address0                      |  26|          5|   12|         60|
    |tmp_dist_24_ce0                           |  20|          4|    1|          4|
    |tmp_dist_24_d0                            |  14|          3|   64|        192|
    |tmp_dist_25_address0                      |  26|          5|   12|         60|
    |tmp_dist_25_ce0                           |  20|          4|    1|          4|
    |tmp_dist_25_d0                            |  14|          3|   64|        192|
    |tmp_dist_26_address0                      |  26|          5|   12|         60|
    |tmp_dist_26_ce0                           |  20|          4|    1|          4|
    |tmp_dist_26_d0                            |  14|          3|   64|        192|
    |tmp_dist_27_address0                      |  26|          5|   12|         60|
    |tmp_dist_27_ce0                           |  20|          4|    1|          4|
    |tmp_dist_27_d0                            |  14|          3|   64|        192|
    |tmp_dist_28_address0                      |  26|          5|   12|         60|
    |tmp_dist_28_ce0                           |  20|          4|    1|          4|
    |tmp_dist_28_d0                            |  14|          3|   64|        192|
    |tmp_dist_29_address0                      |  26|          5|   12|         60|
    |tmp_dist_29_ce0                           |  20|          4|    1|          4|
    |tmp_dist_29_d0                            |  14|          3|   64|        192|
    |tmp_dist_2_address0                       |  26|          5|   12|         60|
    |tmp_dist_2_ce0                            |  20|          4|    1|          4|
    |tmp_dist_2_d0                             |  14|          3|   64|        192|
    |tmp_dist_30_address0                      |  26|          5|   12|         60|
    |tmp_dist_30_ce0                           |  20|          4|    1|          4|
    |tmp_dist_30_d0                            |  14|          3|   64|        192|
    |tmp_dist_31_address0                      |  26|          5|   12|         60|
    |tmp_dist_31_ce0                           |  20|          4|    1|          4|
    |tmp_dist_31_d0                            |  14|          3|   64|        192|
    |tmp_dist_3_address0                       |  26|          5|   12|         60|
    |tmp_dist_3_ce0                            |  20|          4|    1|          4|
    |tmp_dist_3_d0                             |  14|          3|   64|        192|
    |tmp_dist_4_address0                       |  26|          5|   12|         60|
    |tmp_dist_4_ce0                            |  20|          4|    1|          4|
    |tmp_dist_4_d0                             |  14|          3|   64|        192|
    |tmp_dist_5_address0                       |  26|          5|   12|         60|
    |tmp_dist_5_ce0                            |  20|          4|    1|          4|
    |tmp_dist_5_d0                             |  14|          3|   64|        192|
    |tmp_dist_6_address0                       |  26|          5|   12|         60|
    |tmp_dist_6_ce0                            |  20|          4|    1|          4|
    |tmp_dist_6_d0                             |  14|          3|   64|        192|
    |tmp_dist_7_address0                       |  26|          5|   12|         60|
    |tmp_dist_7_ce0                            |  20|          4|    1|          4|
    |tmp_dist_7_d0                             |  14|          3|   64|        192|
    |tmp_dist_8_address0                       |  26|          5|   12|         60|
    |tmp_dist_8_ce0                            |  20|          4|    1|          4|
    |tmp_dist_8_d0                             |  14|          3|   64|        192|
    |tmp_dist_9_address0                       |  26|          5|   12|         60|
    |tmp_dist_9_ce0                            |  20|          4|    1|          4|
    |tmp_dist_9_d0                             |  14|          3|   64|        192|
    |wr_baseAddr                               |  14|          3|   34|        102|
    |wr_baseAddr_preg                          |   9|          2|   34|         68|
    |wr_len                                    |  14|          3|   10|         30|
    |wr_len_preg                               |   9|          2|   10|         20|
    |wr_port_TDATA_blk_n                       |   9|          2|    1|          2|
    |wr_port_TDATA_int_regslice                |  14|          3|  128|        384|
    |wr_port_TKEEP_int_regslice                |  14|          3|   16|         48|
    |wr_port_TLAST_int_regslice                |  14|          3|    1|          3|
    |wr_port_TSTRB_int_regslice                |  14|          3|   16|         48|
    |wr_port_TVALID_int_regslice               |  14|          3|    1|          3|
    |wr_start                                  |  14|          3|    1|          3|
    +------------------------------------------+----+-----------+-----+-----------+
    |Total                                     |2489|        507| 3001|       9602|
    +------------------------------------------+----+-----------+-----+-----------+

    * Register: 
    +-------------------------------------------+----+----+-----+-----------+
    |                    Name                   | FF | LUT| Bits| Const Bits|
    +-------------------------------------------+----+----+-----+-----------+
    |CSR_E_cast_reg_2406                        |  33|   0|   64|         31|
    |CSR_V_cast_reg_2401                        |  33|   0|   64|         31|
    |W_ref1_reg_2627                            |   5|   0|    7|          2|
    |W_ref2_reg_2632                            |   5|   0|    7|          2|
    |add129_reg_2726                            |  25|   0|   25|          0|
    |add_ln312_1_reg_2662                       |   7|   0|    8|          1|
    |add_ln312_reg_2649                         |   6|   0|    7|          1|
    |add_ln352_reg_2773                         |   7|   0|    7|          0|
    |add_ln395_reg_2622                         |   4|   0|    7|          3|
    |add_ln406_reg_2721                         |  20|   0|   20|          0|
    |ap_CS_fsm                                  |  16|   0|   16|          0|
    |ap_enable_reg_pp0_iter0                    |   1|   0|    1|          0|
    |ap_enable_reg_pp0_iter1                    |   1|   0|    1|          0|
    |cnt_oot_reg_1303                           |   7|   0|    7|          0|
    |empty_161_reg_2375                         |   2|   0|    2|          0|
    |empty_reg_2370                             |  22|   0|   22|          0|
    |grp_BuffOfst_fu_1491_ap_start_reg          |   1|   0|    1|          0|
    |grp_WrDist_fu_1314_ap_start_reg            |   1|   0|    1|          0|
    |grp_feed_network_fu_1401_ap_start_reg      |   1|   0|    1|          0|
    |grp_gen_access_tuple_fu_1391_ap_start_reg  |   1|   0|    1|          0|
    |i_3_reg_2754                               |  16|   0|   16|          0|
    |i_4_reg_1269                               |  13|   0|   13|          0|
    |i_6_reg_1280                               |  25|   0|   25|          0|
    |i_7_reg_2731                               |  25|   0|   25|          0|
    |i_reg_1292                                 |  16|   0|   16|          0|
    |icmp_ln312_reg_2654                        |   1|   0|    1|          0|
    |icmp_ln336_reg_2434                        |   1|   0|    1|          0|
    |icmp_ln370_reg_2430                        |   1|   0|    1|          0|
    |icmp_ln384_reg_2608                        |   1|   0|    1|          0|
    |icmp_ln390_1_reg_2674                      |   1|   0|    1|          0|
    |icmp_ln390_reg_2669                        |   1|   0|    1|          0|
    |icmp_ln674_reg_2639                        |   1|   0|    1|          0|
    |launch_recv_preg                           |   1|   0|    1|          0|
    |lshr_ln_reg_2680                           |  12|   0|   12|          0|
    |n_tuple_0_fu_436                           |  16|   0|   16|          0|
    |n_tuple_1_fu_440                           |  16|   0|   16|          0|
    |n_wr_iter_reg_2749                         |  16|   0|   16|          0|
    |rd_baseAddr_preg                           |  33|   0|   64|         31|
    |rd_start_preg                              |   0|   0|    1|          1|
    |resWrite_assign_fu_424                     |   1|   0|    1|          0|
    |resWrite_assign_load_reg_2421              |   1|   0|    1|          0|
    |rlt_tail_idx_reg_2416                      |  31|   0|   31|          0|
    |rootBank_reg_2612                          |   5|   0|    5|          0|
    |sub_ln674_3_reg_2644                       |   7|   0|    7|          0|
    |trunc_ln343_reg_2762                       |   8|   0|    8|          0|
    |trunc_ln413_reg_2736                       |   1|   0|    1|          0|
    |wrVal_reg_2685                             |  64|   0|   64|          0|
    |wr_baseAddr_preg                           |  34|   0|   64|         30|
    |wr_len_preg                                |  10|   0|   16|          6|
    |wr_start_preg                              |   1|   0|    1|          0|
    |zext_ln324_reg_2411                        |  24|   0|   25|          1|
    |zext_ln395_reg_2616                        |   3|   0|    7|          4|
    +-------------------------------------------+----+----+-----+-----------+
    |Total                                      | 584|   0|  728|        144|
    +-------------------------------------------+----+----+-----+-----------+



================================================================
== Interface
================================================================
* Summary: 
+----------------------+-----+-----+------------+------------------+--------------+
|       RTL Ports      | Dir | Bits|  Protocol  |   Source Object  |    C Type    |
+----------------------+-----+-----+------------+------------------+--------------+
|ap_clk                |   in|    1|  ap_ctrl_hs|       BFS_Scatter|  return value|
|ap_rst_n              |   in|    1|  ap_ctrl_hs|       BFS_Scatter|  return value|
|ap_start              |   in|    1|  ap_ctrl_hs|       BFS_Scatter|  return value|
|ap_done               |  out|    1|  ap_ctrl_hs|       BFS_Scatter|  return value|
|ap_idle               |  out|    1|  ap_ctrl_hs|       BFS_Scatter|  return value|
|ap_ready              |  out|    1|  ap_ctrl_hs|       BFS_Scatter|  return value|
|CSR_V                 |   in|   33|     ap_none|             CSR_V|        scalar|
|CSR_E                 |   in|   33|     ap_none|             CSR_E|        scalar|
|glbl_d                |   in|   33|     ap_none|            glbl_d|        scalar|
|rd_baseAddr           |  out|   64|     ap_none|       rd_baseAddr|       pointer|
|wr_baseAddr           |  out|   64|     ap_none|       wr_baseAddr|       pointer|
|rd_port_TDATA         |   in|  128|        axis|  rd_port_V_data_V|       pointer|
|rd_port_TVALID        |   in|    1|        axis|  rd_port_V_last_V|       pointer|
|rd_port_TREADY        |  out|    1|        axis|  rd_port_V_last_V|       pointer|
|rd_port_TLAST         |   in|    1|        axis|  rd_port_V_last_V|       pointer|
|rd_port_TKEEP         |   in|   16|        axis|  rd_port_V_keep_V|       pointer|
|rd_port_TSTRB         |   in|   16|        axis|  rd_port_V_strb_V|       pointer|
|wr_port_TDATA         |  out|  128|        axis|  wr_port_V_data_V|       pointer|
|wr_port_TVALID        |  out|    1|        axis|  wr_port_V_last_V|       pointer|
|wr_port_TREADY        |   in|    1|        axis|  wr_port_V_last_V|       pointer|
|wr_port_TLAST         |  out|    1|        axis|  wr_port_V_last_V|       pointer|
|wr_port_TKEEP         |  out|   16|        axis|  wr_port_V_keep_V|       pointer|
|wr_port_TSTRB         |  out|   16|        axis|  wr_port_V_strb_V|       pointer|
|rd_req_V_din          |  out|   32|     ap_fifo|          rd_req_V|       pointer|
|rd_req_V_full_n       |   in|    1|     ap_fifo|          rd_req_V|       pointer|
|rd_req_V_write        |  out|    1|     ap_fifo|          rd_req_V|       pointer|
|wr_len                |  out|   16|     ap_none|            wr_len|       pointer|
|rd_start              |  out|    1|     ap_none|          rd_start|       pointer|
|wr_start              |  out|    1|     ap_none|          wr_start|       pointer|
|N_Vertex              |   in|   32|     ap_none|          N_Vertex|        scalar|
|root                  |   in|   32|     ap_none|              root|        scalar|
|peID                  |   in|    8|     ap_none|              peID|        scalar|
|sw_data_0_V_din       |  out|   32|     ap_fifo|       sw_data_0_V|       pointer|
|sw_data_0_V_full_n    |   in|    1|     ap_fifo|       sw_data_0_V|       pointer|
|sw_data_0_V_write     |  out|    1|     ap_fifo|       sw_data_0_V|       pointer|
|sw_data_1_V_din       |  out|   32|     ap_fifo|       sw_data_1_V|       pointer|
|sw_data_1_V_full_n    |   in|    1|     ap_fifo|       sw_data_1_V|       pointer|
|sw_data_1_V_write     |  out|    1|     ap_fifo|       sw_data_1_V|       pointer|
|sw_data_2_V_din       |  out|   32|     ap_fifo|       sw_data_2_V|       pointer|
|sw_data_2_V_full_n    |   in|    1|     ap_fifo|       sw_data_2_V|       pointer|
|sw_data_2_V_write     |  out|    1|     ap_fifo|       sw_data_2_V|       pointer|
|sw_data_3_V_din       |  out|   32|     ap_fifo|       sw_data_3_V|       pointer|
|sw_data_3_V_full_n    |   in|    1|     ap_fifo|       sw_data_3_V|       pointer|
|sw_data_3_V_write     |  out|    1|     ap_fifo|       sw_data_3_V|       pointer|
|glblIterIdx           |   in|   16|     ap_none|       glblIterIdx|       pointer|
|cycle_cnt             |   in|   32|     ap_none|         cycle_cnt|       pointer|
|launch_recv           |  out|    1|     ap_none|       launch_recv|       pointer|
|resWrite              |   in|    1|     ap_none|          resWrite|        scalar|
|tmp_dist_0_address0   |  out|   12|   ap_memory|        tmp_dist_0|         array|
|tmp_dist_0_ce0        |  out|    1|   ap_memory|        tmp_dist_0|         array|
|tmp_dist_0_we0        |  out|    1|   ap_memory|        tmp_dist_0|         array|
|tmp_dist_0_d0         |  out|   64|   ap_memory|        tmp_dist_0|         array|
|tmp_dist_0_q0         |   in|   64|   ap_memory|        tmp_dist_0|         array|
|tmp_dist_1_address0   |  out|   12|   ap_memory|        tmp_dist_1|         array|
|tmp_dist_1_ce0        |  out|    1|   ap_memory|        tmp_dist_1|         array|
|tmp_dist_1_we0        |  out|    1|   ap_memory|        tmp_dist_1|         array|
|tmp_dist_1_d0         |  out|   64|   ap_memory|        tmp_dist_1|         array|
|tmp_dist_1_q0         |   in|   64|   ap_memory|        tmp_dist_1|         array|
|tmp_dist_2_address0   |  out|   12|   ap_memory|        tmp_dist_2|         array|
|tmp_dist_2_ce0        |  out|    1|   ap_memory|        tmp_dist_2|         array|
|tmp_dist_2_we0        |  out|    1|   ap_memory|        tmp_dist_2|         array|
|tmp_dist_2_d0         |  out|   64|   ap_memory|        tmp_dist_2|         array|
|tmp_dist_2_q0         |   in|   64|   ap_memory|        tmp_dist_2|         array|
|tmp_dist_3_address0   |  out|   12|   ap_memory|        tmp_dist_3|         array|
|tmp_dist_3_ce0        |  out|    1|   ap_memory|        tmp_dist_3|         array|
|tmp_dist_3_we0        |  out|    1|   ap_memory|        tmp_dist_3|         array|
|tmp_dist_3_d0         |  out|   64|   ap_memory|        tmp_dist_3|         array|
|tmp_dist_3_q0         |   in|   64|   ap_memory|        tmp_dist_3|         array|
|tmp_dist_4_address0   |  out|   12|   ap_memory|        tmp_dist_4|         array|
|tmp_dist_4_ce0        |  out|    1|   ap_memory|        tmp_dist_4|         array|
|tmp_dist_4_we0        |  out|    1|   ap_memory|        tmp_dist_4|         array|
|tmp_dist_4_d0         |  out|   64|   ap_memory|        tmp_dist_4|         array|
|tmp_dist_4_q0         |   in|   64|   ap_memory|        tmp_dist_4|         array|
|tmp_dist_5_address0   |  out|   12|   ap_memory|        tmp_dist_5|         array|
|tmp_dist_5_ce0        |  out|    1|   ap_memory|        tmp_dist_5|         array|
|tmp_dist_5_we0        |  out|    1|   ap_memory|        tmp_dist_5|         array|
|tmp_dist_5_d0         |  out|   64|   ap_memory|        tmp_dist_5|         array|
|tmp_dist_5_q0         |   in|   64|   ap_memory|        tmp_dist_5|         array|
|tmp_dist_6_address0   |  out|   12|   ap_memory|        tmp_dist_6|         array|
|tmp_dist_6_ce0        |  out|    1|   ap_memory|        tmp_dist_6|         array|
|tmp_dist_6_we0        |  out|    1|   ap_memory|        tmp_dist_6|         array|
|tmp_dist_6_d0         |  out|   64|   ap_memory|        tmp_dist_6|         array|
|tmp_dist_6_q0         |   in|   64|   ap_memory|        tmp_dist_6|         array|
|tmp_dist_7_address0   |  out|   12|   ap_memory|        tmp_dist_7|         array|
|tmp_dist_7_ce0        |  out|    1|   ap_memory|        tmp_dist_7|         array|
|tmp_dist_7_we0        |  out|    1|   ap_memory|        tmp_dist_7|         array|
|tmp_dist_7_d0         |  out|   64|   ap_memory|        tmp_dist_7|         array|
|tmp_dist_7_q0         |   in|   64|   ap_memory|        tmp_dist_7|         array|
|tmp_dist_8_address0   |  out|   12|   ap_memory|        tmp_dist_8|         array|
|tmp_dist_8_ce0        |  out|    1|   ap_memory|        tmp_dist_8|         array|
|tmp_dist_8_we0        |  out|    1|   ap_memory|        tmp_dist_8|         array|
|tmp_dist_8_d0         |  out|   64|   ap_memory|        tmp_dist_8|         array|
|tmp_dist_8_q0         |   in|   64|   ap_memory|        tmp_dist_8|         array|
|tmp_dist_9_address0   |  out|   12|   ap_memory|        tmp_dist_9|         array|
|tmp_dist_9_ce0        |  out|    1|   ap_memory|        tmp_dist_9|         array|
|tmp_dist_9_we0        |  out|    1|   ap_memory|        tmp_dist_9|         array|
|tmp_dist_9_d0         |  out|   64|   ap_memory|        tmp_dist_9|         array|
|tmp_dist_9_q0         |   in|   64|   ap_memory|        tmp_dist_9|         array|
|tmp_dist_10_address0  |  out|   12|   ap_memory|       tmp_dist_10|         array|
|tmp_dist_10_ce0       |  out|    1|   ap_memory|       tmp_dist_10|         array|
|tmp_dist_10_we0       |  out|    1|   ap_memory|       tmp_dist_10|         array|
|tmp_dist_10_d0        |  out|   64|   ap_memory|       tmp_dist_10|         array|
|tmp_dist_10_q0        |   in|   64|   ap_memory|       tmp_dist_10|         array|
|tmp_dist_11_address0  |  out|   12|   ap_memory|       tmp_dist_11|         array|
|tmp_dist_11_ce0       |  out|    1|   ap_memory|       tmp_dist_11|         array|
|tmp_dist_11_we0       |  out|    1|   ap_memory|       tmp_dist_11|         array|
|tmp_dist_11_d0        |  out|   64|   ap_memory|       tmp_dist_11|         array|
|tmp_dist_11_q0        |   in|   64|   ap_memory|       tmp_dist_11|         array|
|tmp_dist_12_address0  |  out|   12|   ap_memory|       tmp_dist_12|         array|
|tmp_dist_12_ce0       |  out|    1|   ap_memory|       tmp_dist_12|         array|
|tmp_dist_12_we0       |  out|    1|   ap_memory|       tmp_dist_12|         array|
|tmp_dist_12_d0        |  out|   64|   ap_memory|       tmp_dist_12|         array|
|tmp_dist_12_q0        |   in|   64|   ap_memory|       tmp_dist_12|         array|
|tmp_dist_13_address0  |  out|   12|   ap_memory|       tmp_dist_13|         array|
|tmp_dist_13_ce0       |  out|    1|   ap_memory|       tmp_dist_13|         array|
|tmp_dist_13_we0       |  out|    1|   ap_memory|       tmp_dist_13|         array|
|tmp_dist_13_d0        |  out|   64|   ap_memory|       tmp_dist_13|         array|
|tmp_dist_13_q0        |   in|   64|   ap_memory|       tmp_dist_13|         array|
|tmp_dist_14_address0  |  out|   12|   ap_memory|       tmp_dist_14|         array|
|tmp_dist_14_ce0       |  out|    1|   ap_memory|       tmp_dist_14|         array|
|tmp_dist_14_we0       |  out|    1|   ap_memory|       tmp_dist_14|         array|
|tmp_dist_14_d0        |  out|   64|   ap_memory|       tmp_dist_14|         array|
|tmp_dist_14_q0        |   in|   64|   ap_memory|       tmp_dist_14|         array|
|tmp_dist_15_address0  |  out|   12|   ap_memory|       tmp_dist_15|         array|
|tmp_dist_15_ce0       |  out|    1|   ap_memory|       tmp_dist_15|         array|
|tmp_dist_15_we0       |  out|    1|   ap_memory|       tmp_dist_15|         array|
|tmp_dist_15_d0        |  out|   64|   ap_memory|       tmp_dist_15|         array|
|tmp_dist_15_q0        |   in|   64|   ap_memory|       tmp_dist_15|         array|
|tmp_dist_16_address0  |  out|   12|   ap_memory|       tmp_dist_16|         array|
|tmp_dist_16_ce0       |  out|    1|   ap_memory|       tmp_dist_16|         array|
|tmp_dist_16_we0       |  out|    1|   ap_memory|       tmp_dist_16|         array|
|tmp_dist_16_d0        |  out|   64|   ap_memory|       tmp_dist_16|         array|
|tmp_dist_16_q0        |   in|   64|   ap_memory|       tmp_dist_16|         array|
|tmp_dist_17_address0  |  out|   12|   ap_memory|       tmp_dist_17|         array|
|tmp_dist_17_ce0       |  out|    1|   ap_memory|       tmp_dist_17|         array|
|tmp_dist_17_we0       |  out|    1|   ap_memory|       tmp_dist_17|         array|
|tmp_dist_17_d0        |  out|   64|   ap_memory|       tmp_dist_17|         array|
|tmp_dist_17_q0        |   in|   64|   ap_memory|       tmp_dist_17|         array|
|tmp_dist_18_address0  |  out|   12|   ap_memory|       tmp_dist_18|         array|
|tmp_dist_18_ce0       |  out|    1|   ap_memory|       tmp_dist_18|         array|
|tmp_dist_18_we0       |  out|    1|   ap_memory|       tmp_dist_18|         array|
|tmp_dist_18_d0        |  out|   64|   ap_memory|       tmp_dist_18|         array|
|tmp_dist_18_q0        |   in|   64|   ap_memory|       tmp_dist_18|         array|
|tmp_dist_19_address0  |  out|   12|   ap_memory|       tmp_dist_19|         array|
|tmp_dist_19_ce0       |  out|    1|   ap_memory|       tmp_dist_19|         array|
|tmp_dist_19_we0       |  out|    1|   ap_memory|       tmp_dist_19|         array|
|tmp_dist_19_d0        |  out|   64|   ap_memory|       tmp_dist_19|         array|
|tmp_dist_19_q0        |   in|   64|   ap_memory|       tmp_dist_19|         array|
|tmp_dist_20_address0  |  out|   12|   ap_memory|       tmp_dist_20|         array|
|tmp_dist_20_ce0       |  out|    1|   ap_memory|       tmp_dist_20|         array|
|tmp_dist_20_we0       |  out|    1|   ap_memory|       tmp_dist_20|         array|
|tmp_dist_20_d0        |  out|   64|   ap_memory|       tmp_dist_20|         array|
|tmp_dist_20_q0        |   in|   64|   ap_memory|       tmp_dist_20|         array|
|tmp_dist_21_address0  |  out|   12|   ap_memory|       tmp_dist_21|         array|
|tmp_dist_21_ce0       |  out|    1|   ap_memory|       tmp_dist_21|         array|
|tmp_dist_21_we0       |  out|    1|   ap_memory|       tmp_dist_21|         array|
|tmp_dist_21_d0        |  out|   64|   ap_memory|       tmp_dist_21|         array|
|tmp_dist_21_q0        |   in|   64|   ap_memory|       tmp_dist_21|         array|
|tmp_dist_22_address0  |  out|   12|   ap_memory|       tmp_dist_22|         array|
|tmp_dist_22_ce0       |  out|    1|   ap_memory|       tmp_dist_22|         array|
|tmp_dist_22_we0       |  out|    1|   ap_memory|       tmp_dist_22|         array|
|tmp_dist_22_d0        |  out|   64|   ap_memory|       tmp_dist_22|         array|
|tmp_dist_22_q0        |   in|   64|   ap_memory|       tmp_dist_22|         array|
|tmp_dist_23_address0  |  out|   12|   ap_memory|       tmp_dist_23|         array|
|tmp_dist_23_ce0       |  out|    1|   ap_memory|       tmp_dist_23|         array|
|tmp_dist_23_we0       |  out|    1|   ap_memory|       tmp_dist_23|         array|
|tmp_dist_23_d0        |  out|   64|   ap_memory|       tmp_dist_23|         array|
|tmp_dist_23_q0        |   in|   64|   ap_memory|       tmp_dist_23|         array|
|tmp_dist_24_address0  |  out|   12|   ap_memory|       tmp_dist_24|         array|
|tmp_dist_24_ce0       |  out|    1|   ap_memory|       tmp_dist_24|         array|
|tmp_dist_24_we0       |  out|    1|   ap_memory|       tmp_dist_24|         array|
|tmp_dist_24_d0        |  out|   64|   ap_memory|       tmp_dist_24|         array|
|tmp_dist_24_q0        |   in|   64|   ap_memory|       tmp_dist_24|         array|
|tmp_dist_25_address0  |  out|   12|   ap_memory|       tmp_dist_25|         array|
|tmp_dist_25_ce0       |  out|    1|   ap_memory|       tmp_dist_25|         array|
|tmp_dist_25_we0       |  out|    1|   ap_memory|       tmp_dist_25|         array|
|tmp_dist_25_d0        |  out|   64|   ap_memory|       tmp_dist_25|         array|
|tmp_dist_25_q0        |   in|   64|   ap_memory|       tmp_dist_25|         array|
|tmp_dist_26_address0  |  out|   12|   ap_memory|       tmp_dist_26|         array|
|tmp_dist_26_ce0       |  out|    1|   ap_memory|       tmp_dist_26|         array|
|tmp_dist_26_we0       |  out|    1|   ap_memory|       tmp_dist_26|         array|
|tmp_dist_26_d0        |  out|   64|   ap_memory|       tmp_dist_26|         array|
|tmp_dist_26_q0        |   in|   64|   ap_memory|       tmp_dist_26|         array|
|tmp_dist_27_address0  |  out|   12|   ap_memory|       tmp_dist_27|         array|
|tmp_dist_27_ce0       |  out|    1|   ap_memory|       tmp_dist_27|         array|
|tmp_dist_27_we0       |  out|    1|   ap_memory|       tmp_dist_27|         array|
|tmp_dist_27_d0        |  out|   64|   ap_memory|       tmp_dist_27|         array|
|tmp_dist_27_q0        |   in|   64|   ap_memory|       tmp_dist_27|         array|
|tmp_dist_28_address0  |  out|   12|   ap_memory|       tmp_dist_28|         array|
|tmp_dist_28_ce0       |  out|    1|   ap_memory|       tmp_dist_28|         array|
|tmp_dist_28_we0       |  out|    1|   ap_memory|       tmp_dist_28|         array|
|tmp_dist_28_d0        |  out|   64|   ap_memory|       tmp_dist_28|         array|
|tmp_dist_28_q0        |   in|   64|   ap_memory|       tmp_dist_28|         array|
|tmp_dist_29_address0  |  out|   12|   ap_memory|       tmp_dist_29|         array|
|tmp_dist_29_ce0       |  out|    1|   ap_memory|       tmp_dist_29|         array|
|tmp_dist_29_we0       |  out|    1|   ap_memory|       tmp_dist_29|         array|
|tmp_dist_29_d0        |  out|   64|   ap_memory|       tmp_dist_29|         array|
|tmp_dist_29_q0        |   in|   64|   ap_memory|       tmp_dist_29|         array|
|tmp_dist_30_address0  |  out|   12|   ap_memory|       tmp_dist_30|         array|
|tmp_dist_30_ce0       |  out|    1|   ap_memory|       tmp_dist_30|         array|
|tmp_dist_30_we0       |  out|    1|   ap_memory|       tmp_dist_30|         array|
|tmp_dist_30_d0        |  out|   64|   ap_memory|       tmp_dist_30|         array|
|tmp_dist_30_q0        |   in|   64|   ap_memory|       tmp_dist_30|         array|
|tmp_dist_31_address0  |  out|   12|   ap_memory|       tmp_dist_31|         array|
|tmp_dist_31_ce0       |  out|    1|   ap_memory|       tmp_dist_31|         array|
|tmp_dist_31_we0       |  out|    1|   ap_memory|       tmp_dist_31|         array|
|tmp_dist_31_d0        |  out|   64|   ap_memory|       tmp_dist_31|         array|
|tmp_dist_31_q0        |   in|   64|   ap_memory|       tmp_dist_31|         array|
+----------------------+-----+-----+------------+------------------+--------------+

